START 2026-10-05T01:49:45Z
Wiped the Postgres database (dropped the public schema).
[01:49:55] [33mWARN[39m: [36mNo email adapter provided. Email will be written to console. More info at https://payloadcms.com/docs/email/overview.[39m
[01:49:55] [32mINFO[39m: [36mReading migration files from /workspace/hearts-prototype/src/migrations[39m
[01:49:55] [32mINFO[39m: [36mMigrating: 20261003_103330_initial[39m
[01:49:55] [32mINFO[39m: [36mMigrated:  20261003_103330_initial (726ms)[39m
[01:49:55] [32mINFO[39m: [36mMigrating: 20261003_124500_integration_part1[39m
[01:49:56] [32mINFO[39m: [36mMigrated:  20261003_124500_integration_part1 (140ms)[39m
[01:49:56] [32mINFO[39m: [36mMigrating: 20261003_131651_integration_part2[39m
[01:49:56] [32mINFO[39m: [36mMigrated:  20261003_131651_integration_part2 (52ms)[39m
[01:49:56] [32mINFO[39m: [36mMigrating: 20261003_140611_harvest[39m
[01:49:56] [32mINFO[39m: [36mMigrated:  20261003_140611_harvest (17ms)[39m
[01:49:56] [32mINFO[39m: [36mMigrating: 20261003_180616_jibril_doors[39m
[01:49:56] [32mINFO[39m: [36mMigrated:  20261003_180616_jibril_doors (17ms)[39m
[01:49:56] [32mINFO[39m: [36mMigrating: 20261003_194500_line_tidy[39m
[01:49:56] [32mINFO[39m: [36mMigrated:  20261003_194500_line_tidy (1ms)[39m
[01:49:56] [32mINFO[39m: [36mMigrating: 20261003_200853_integration_final[39m
[01:49:56] [32mINFO[39m: [36mMigrated:  20261003_200853_integration_final (37ms)[39m
[01:49:56] [32mINFO[39m: [36mMigrating: 20261003_220000_feedback[39m
[01:49:56] [32mINFO[39m: [36mMigrated:  20261003_220000_feedback (31ms)[39m
[01:49:56] [32mINFO[39m: [36mMigrating: 20261004_031500_gather[39m
[01:49:56] [32mINFO[39m: [36mMigrated:  20261004_031500_gather (66ms)[39m
[01:49:56] [32mINFO[39m: [36mMigrating: 20261004_060000_shorts[39m
[01:49:56] [32mINFO[39m: [36mMigrated:  20261004_060000_shorts (2ms)[39m
[01:49:56] [32mINFO[39m: [36mMigrating: 20261004_061000_portal_time_zone[39m
[01:49:56] [32mINFO[39m: [36mMigrated:  20261004_061000_portal_time_zone (1ms)[39m
[01:49:56] [32mINFO[39m: [36mMigrating: 20261004_080000_lesson_picture_flags[39m
[01:49:56] [32mINFO[39m: [36mMigrated:  20261004_080000_lesson_picture_flags (1ms)[39m
[01:49:56] [32mINFO[39m: [36mMigrating: 20261004_120000_compass_v2[39m
[01:49:56] [32mINFO[39m: [36mMigrated:  20261004_120000_compass_v2 (25ms)[39m
[01:49:56] [32mINFO[39m: [36mMigrating: 20261004_180000_gather_entry_code[39m
[01:49:56] [32mINFO[39m: [36mMigrated:  20261004_180000_gather_entry_code (1ms)[39m
[01:49:56] [32mINFO[39m: [36mMigrating: 20261004_210000_schedule_minutes[39m
[01:49:56] [32mINFO[39m: [36mMigrated:  20261004_210000_schedule_minutes (0ms)[39m
[01:49:56] [32mINFO[39m: [36mMigrating: 20261004_230000_portal_features[39m
[01:49:56] [32mINFO[39m: [36mMigrated:  20261004_230000_portal_features (1ms)[39m
[01:49:56] [32mINFO[39m: [36mMigrating: 20261005_010000_admin_ops[39m
[01:49:56] [32mINFO[39m: [36mMigrated:  20261005_010000_admin_ops (40ms)[39m
[01:49:56] [32mINFO[39m: [36mMigrating: 20261005_020000_trash[39m
[01:49:56] [32mINFO[39m: [36mMigrated:  20261005_020000_trash (21ms)[39m
Harvest: 172 verses and hadith across 31 talks. No quotation found in 5: Gratitude is the Greatest Blessing | Gems from Ibn Ata Illah Ep. 1 | Shaykh Mikaeel Ahmed Smith; How to Manage Your Anger - Amjad Tarsin; Moments of Solitude: Closeness to God | Jummah Khutbah | Imam Khalid Latif | 3.11.2022; On Mosques, Companionship, & Knowledge; Quranic Connection #26: A Cure for Anxiety | Shaykh Suleiman Hani.
Harvest sample: 4 lines kept for Maryam.
Feedback demo: sample answers are on the East London and Leeds desks.
Seeded HEARTS. Master: master@hearts.test / hearts-master
Access codes (also on the master desk, and in data/seed-codes-test.json):
  elm-teacher    ELM-78CN-EFT7
  elm-admin      ELM-MA8M-7Q8X
  elm-learner    ELM-K4EK-JY7Y
  elm-parent     ELM-UGN4-7QDE
  leeds-teacher  LEEDS-9CG8-VKV8
  leeds-learner  LEEDS-VR6J-7UWE

Running 222 tests using 1 worker

(node:35691) Warning: The 'NO_COLOR' env is ignored due to the 'FORCE_COLOR' env being set.
(Use `node --trace-warnings ...` to show where the warning was created)


(node:35691) Warning: The 'NO_COLOR' env is ignored due to the 'FORCE_COLOR' env being set.
(Use `node --trace-warnings ...` to show where the warning was created)


[1/222] tests/e2e/ai-steps.spec.ts:73:3 › AI steps › registry, versions, diff, try-it and mock mode
[2/222] tests/e2e/ai-steps.spec.ts:120:3 › AI steps › a re-run does not overwrite an approved tier, and the review screen says a new draft is available
[3/222] tests/e2e/ai-steps.spec.ts:149:3 › AI steps › a background re-run reports progress and keeps a per-talk error
[4/222] tests/e2e/ai-steps.spec.ts:186:3 › AI steps › portal admins can read the steps and cannot edit them until the master grants it
[5/222] tests/e2e/auth-garden.spec.ts:69:5 › join with the code in the link is the evening garden (phone, dawn)
[6/222] tests/e2e/auth-garden.spec.ts:86:5 › sign-in is the evening garden (phone, dawn)
[7/222] tests/e2e/auth-garden.spec.ts:69:5 › join with the code in the link is the evening garden (phone, evening)
[8/222] tests/e2e/auth-garden.spec.ts:86:5 › sign-in is the evening garden (phone, evening)
[9/222] tests/e2e/auth-garden.spec.ts:69:5 › join with the code in the link is the evening garden (desk, dawn)
[10/222] tests/e2e/auth-garden.spec.ts:86:5 › sign-in is the evening garden (desk, dawn)
[11/222] tests/e2e/auth-garden.spec.ts:69:5 › join with the code in the link is the evening garden (desk, evening)
[12/222] tests/e2e/auth-garden.spec.ts:86:5 › sign-in is the evening garden (desk, evening)
[13/222] tests/e2e/auth-garden.spec.ts:98:1 › the front door is the evening garden too, and signing in from the garden page still works
[14/222] tests/e2e/auth-garden.spec.ts:110:1 › a portal named Hearts shows as HEARTS on the master desk; its slug stays as typed
[15/222] tests/e2e/basics-admin.spec.ts:27:3 › Lane D admin desk › D02 activity log shows a plain sentence and filters to this portal
[16/222] tests/e2e/basics-admin.spec.ts:58:3 › Lane D admin desk › A12 bulk add from a list previews problems then creates accounts
[17/222] tests/e2e/basics-admin.spec.ts:91:3 › Lane D admin desk › A13 people CSV is portal-scoped and audited
[18/222] tests/e2e/basics-admin.spec.ts:109:3 › Lane D admin desk › K03 classes: create, add a person, see the group
[19/222] tests/e2e/basics-admin.spec.ts:122:3 › Lane D admin desk › C15 recently removed restore, days left, progress and clean-up
[20/222] tests/e2e/basics-admin.spec.ts:186:3 › Lane D admin desk › D06 system page is on the master desk
[21/222] tests/e2e/basics-admin.spec.ts:198:3 › Lane D hostile API › a portal admin sees only their portal audit and people
[WebServer] (node:35588) MaxListenersExceededWarning: Possible EventEmitter memory leak detected. 11 exit listeners added to [process]. MaxListeners is 10. Use emitter.setMaxListeners() to increase limit
[WebServer] (Use `node --trace-warnings ...` to show where the warning was created)

[22/222] tests/e2e/circle-sheet.spec.ts:69:1 › the export carries a CircleAnswers tab, and circle answers on an activation task never count as answers or done tasks
[WebServer] (node:35588) DeprecationWarning: Calling client.query() when the client is already executing a query is deprecated and will be removed in pg@9.0. Use async/await or an external async flow control mechanism instead.

[23/222] tests/e2e/circle-sheet.spec.ts:130:1 › deleting a question through the sheet takes its circle answers with it, and undo brings both back together
[24/222] tests/e2e/circle-sheet.spec.ts:167:1 › a portal admin adds circle answers to their own portal’s questions only, and they belong to that portal
[25/222] tests/e2e/circle.spec.ts:62:3 › HEARTS circle answers › generation: the master desk drafts answers with the chosen count, tones and lengths, with the built-in drafts when there is no AI key
[26/222] tests/e2e/circle.spec.ts:101:3 › HEARTS circle answers › label: a learner who shares sees circle answers in the swarm with the light label, and the CMS wording reaches them
[27/222] tests/e2e/circle.spec.ts:131:3 › HEARTS circle answers › fade-out: circle answers step back once real answers reach the threshold, and stay on the desk
[28/222] tests/e2e/circle.spec.ts:174:3 › HEARTS circle answers › exclusion: circle answers never reach analytics, trends, the profile, the workbook or progress views
[29/222] tests/e2e/circle.spec.ts:209:3 › HEARTS circle answers › portal scope: a portal admin looks after circle answers on their own courses only, and their answers stay in their portal
[30/222] tests/e2e/circle.spec.ts:275:3 › HEARTS circle answers › word checks and switches: kill-list text is refused, and bulk off clears the swarm while the desk keeps the answers
[31/222] tests/e2e/compass.spec.ts:14:1 › a learner cannot fetch their own scores from any compass API
tests/e2e/compass.spec.ts:14:1 › a learner cannot fetch their own scores from any compass API
(node:37272) Warning: The 'NO_COLOR' env is ignored due to the 'FORCE_COLOR' env being set.
(Use `node --trace-warnings ...` to show where the warning was created)


(node:37286) Warning: The 'NO_COLOR' env is ignored due to the 'FORCE_COLOR' env being set.
(Use `node --trace-warnings ...` to show where the warning was created)


(node:37297) Warning: The 'NO_COLOR' env is ignored due to the 'FORCE_COLOR' env being set.
(Use `node --trace-warnings ...` to show where the warning was created)


[01:52:19] WARN: No email adapter provided. Email will be written to console. More info at https://payloadcms.com/docs/email/overview.


Created portal hearts-demo.


Compass demo is in place on hearts-demo. New accounts use compass-demo. Existing accounts keep their password.


[32/222] tests/e2e/compass.spec.ts:37:1 › the monthly look is five questions and a life check-in
[33/222] tests/e2e/compass.spec.ts:95:1 › an imam sees the charts, the cohort, and why a talk was chosen
[34/222] tests/e2e/doors.spec.ts:50:1 › the 20 doors are seeded with their sections, titles and clauses
[35/222] tests/e2e/doors.spec.ts:60:1 › a learner sees the 20 doors with their titles and never a clause number
[36/222] tests/e2e/doors.spec.ts:99:1 › every learner screen that shows the spine speaks in doors
[37/222] tests/e2e/doors.spec.ts:120:1 › the feed walks the spine door by door and the lanes push talks by door
[38/222] tests/e2e/doors.spec.ts:151:1 › the desk shows the door first and keeps the clause beside it
[39/222] tests/e2e/doors.spec.ts:167:1 › the sheet exports the door beside the clause, takes a door in place of a clause, and undo puts it back
[40/222] tests/e2e/feed-evening.spec.ts:122:1 › question cards are the evening garden: teal gradient over a blurred courtyard, parchment words, a gold Continue, and the video Follow row
[41/222] tests/e2e/feed-evening.spec.ts:166:1 › a question-card swipe and a scenic-card swipe never show a bare side or a blank pill
[42/222] tests/e2e/feed-evening.spec.ts:197:1 › words in the picture: YouTube captions are dropped, our caption hides, and the speaker and Follow leave the lower quarter
[43/222] tests/e2e/feed-evening.spec.ts:233:1 › the extended cut opens on our own poster with the talk title, never a titled YouTube thumbnail
[44/222] tests/e2e/feed-levels.spec.ts:47:1 › swipes keep to the level being watched, and Learn more goes to the watched item’s own parent
[45/222] tests/e2e/feed-polish.spec.ts:62:1 › one Tap for sound on the first clip and on the appetiser; the question card’s chrome reads at AA
[46/222] tests/e2e/feed-polish.spec.ts:86:1 › every scenic card in the feed keeps its words inside the card, never shifts the screen, and offers Mute only with audio
[47/222] tests/e2e/feed-polish.spec.ts:147:1 › harvest lines are whole sentences, and Home, Garden and Harvest show the same counts
[48/222] tests/e2e/feed-polish.spec.ts:174:1 › the portal desk names the portal, never its slug, in the sidebar and on a narrow screen
[49/222] tests/e2e/feed-polish.spec.ts:191:1 › until a clip actually plays, our poster and a gold play button cover the player, never YouTube’s own
[50/222] tests/e2e/feed-touch.spec.ts:74:1 › touch swipes left and right move the feed, on a talk clip, on a card, and in the appetiser loop
[51/222] tests/e2e/feed-touch.spec.ts:109:1 › a question card swipes by touch: the card follows the finger, then the next item comes in from the right
[52/222] tests/e2e/feedback.spec.ts:79:3 › Feedback for teachers › anonymised export, private answers left out, and a draft question check
[53/222] tests/e2e/feedback.spec.ts:191:3 › Feedback for teachers › a teacher can open feedback, a learner cannot, and Leeds cannot read East London
[54/222] tests/e2e/gather.spec.ts:43:1 › RSVP, waitlist promotion, public page, calendar, QR check-in and activation
[55/222] tests/e2e/harvest-lines.spec.ts:22:1 › the seeded lines group and filter by the 20 doors and by speaker, cite only real words, and open their context
[56/222] tests/e2e/harvest-lines.spec.ts:65:1 › a fresh learner sees the sample, then a short clip keeps a real line and parts watched stays at 0
[57/222] tests/e2e/harvest.spec.ts:69:3 › harvest › finishing a talk fills Harvest with what was said, verses placed only when the match is sure
[58/222] tests/e2e/harvest.spec.ts:84:3 › harvest › the Garden counts the new harvest; the cards are verbatim, Arabic above the translation, and the new marker clears once seen
[59/222] tests/e2e/harvest.spec.ts:125:3 › harvest › filters and grouping
[60/222] tests/e2e/harvest.spec.ts:149:3 › harvest › a seeded learner’s harvest groups under the doors of the hadith of Jibril
[61/222] tests/e2e/harvest.spec.ts:157:3 › harvest › a card replays its talk from a few seconds before the quote
[62/222] tests/e2e/harvest.spec.ts:168:3 › harvest › See it in context shows the ayah among its neighbours, and the named hadith in full
[63/222] tests/e2e/harvest.spec.ts:191:3 › harvest › What do the scholars say offers a labelled summary or the tafsir itself, each source titled
[64/222] tests/e2e/harvest.spec.ts:214:3 › harvest › the harvest is the learner’s own: another portal cannot view it and the records are master-only
[65/222] tests/e2e/integration-final.spec.ts:67:1 › a learner joins by code, takes the persona quiz, stays on level, steps up by Learn more, answers an imported pop-up and finds it all again
  1) tests/e2e/integration-final.spec.ts:67:1 › a learner joins by code, takes the persona quiz, stays on level, steps up by Learn more, answers an imported pop-up and finds it all again 

    Test timeout of 240000ms exceeded.

    "afterAll" hook timeout of 180000ms exceeded.

      52 | })
      53 |
    > 54 | test.afterAll(async () => {
         |      ^
      55 |   const course = (await json(await master.get(`/api/courses?where[title][equals]=${encodeURIComponent(COURSE)}&depth=0`))).docs?.[0]?.id
      56 |   if (course) {
      57 |     await master.delete(`/api/engagement-points?where[prompt][equals]=${encodeURIComponent(PROMPT)}`)
        at /workspace/hearts-prototype/tests/e2e/integration-final.spec.ts:54:6

    Error Context: test-results/integration-final-a-learne-91e4c-p-up-and-finds-it-all-again/error-context.md

    Error Context: test-results/integration-final-a-learne-91e4c-p-up-and-finds-it-all-again/error-context.md


[66/222] tests/e2e/integration-final.spec.ts:203:1 › a portal admin walks the short setup and lands back on the overview
(node:38827) Warning: The 'NO_COLOR' env is ignored due to the 'FORCE_COLOR' env being set.
(Use `node --trace-warnings ...` to show where the warning was created)


(node:38827) Warning: The 'NO_COLOR' env is ignored due to the 'FORCE_COLOR' env being set.
(Use `node --trace-warnings ...` to show where the warning was created)


[67/222] tests/e2e/integration-r3.spec.ts:15:1 › Me loads with no console errors and keeps the evening palette when the phone is not on UTC
[68/222] tests/e2e/integration-r3.spec.ts:38:3 › the desk sidebar keeps the learner app link, the name and Sign out in view at 1440x900
[69/222] tests/e2e/integration-r3.spec.ts:38:3 › the desk sidebar keeps the learner app link, the name and Sign out in view at 1280x720
[70/222] tests/e2e/integration-r3.spec.ts:57:1 › a YouTube Short in the feed: no caption over its burned-in words, Follow at the top, and our own poster
  2) tests/e2e/integration-r3.spec.ts:57:1 › a YouTube Short in the feed: no caption over its burned-in words, Follow at the top, and our own poster 

    Test timeout of 180000ms exceeded.

    Error Context: test-results/integration-r3-a-YouTube-S-4300b--the-top-and-our-own-poster/error-context.md


(node:38996) Warning: The 'NO_COLOR' env is ignored due to the 'FORCE_COLOR' env being set.
(Use `node --trace-warnings ...` to show where the warning was created)


(node:38996) Warning: The 'NO_COLOR' env is ignored due to the 'FORCE_COLOR' env being set.
(Use `node --trace-warnings ...` to show where the warning was created)


[71/222] tests/e2e/integration-r3.spec.ts:90:1 › the export log shows times in the portal's zone with a short label, in the viewer's language
  3) tests/e2e/integration-r3.spec.ts:90:1 › the export log shows times in the portal's zone with a short label, in the viewer's language 

    Error: expect(locator).toHaveText(expected) failed

    Locator: getByTestId('audit-when').first()
    Expected pattern: /\d{1,2} \w{3} \d{4}, \d{2}:\d{2} (EDT|EST|ET)$/
    Received string:  "4 Oct 2026, 22:08 GMT-4"
    Timeout: 20000ms

    Call log:
      - Expect "toHaveText" getByTestId('audit-when').first() with timeout 20000ms
      - waiting for getByTestId('audit-when').first()
        44 × locator resolved to <td data-testid="audit-when" data-at="2026-10-05T02:08:50.256Z">4 Oct 2026, 22:08 GMT-4</td>
           - unexpected value "4 Oct 2026, 22:08 GMT-4"


      100 |     const at = (await when.getAttribute('data-at'))!
      101 |     await expect(when).toHaveText(zonedTime(at, 'America/Toronto', locale))
    > 102 |     if (locale === 'en-GB') await expect(when).toHaveText(/\d{1,2} \w{3} \d{4}, \d{2}:\d{2} (EDT|EST|ET)$/)
          |                                                ^
      103 |     else await expect(when).toHaveText(/^\d{1,2}\. \w+\.? \d{4}, \d{2}:\d{2} /)
      104 |     await context.close()
      105 |   }
        at /workspace/hearts-prototype/tests/e2e/integration-r3.spec.ts:102:48

    Error Context: test-results/integration-r3-the-export--0aabb-el-in-the-viewer-s-language/error-context.md


(node:39167) Warning: The 'NO_COLOR' env is ignored due to the 'FORCE_COLOR' env being set.
(Use `node --trace-warnings ...` to show where the warning was created)


(node:39167) Warning: The 'NO_COLOR' env is ignored due to the 'FORCE_COLOR' env being set.
(Use `node --trace-warnings ...` to show where the warning was created)


[72/222] tests/e2e/integration-r3.spec.ts:128:1 › small fixes: favicon, Teach emails end in an ellipsis, and the install card does not push Home down
[73/222] tests/e2e/integration-r3.spec.ts:172:1 › an opened pack spans the main area as at most about 20 door tiles, with no seats until a door opens, then one clean heading per Ghunya seat
  4) tests/e2e/integration-r3.spec.ts:172:1 › an opened pack spans the main area as at most about 20 door tiles, with no seats until a door opens, then one clean heading per Ghunya seat 

    Test timeout of 180000ms exceeded.

    Error Context: test-results/integration-r3-an-opened-p-afc37-ean-heading-per-Ghunya-seat/error-context.md


(node:39347) Warning: The 'NO_COLOR' env is ignored due to the 'FORCE_COLOR' env being set.
(Use `node --trace-warnings ...` to show where the warning was created)


(node:39347) Warning: The 'NO_COLOR' env is ignored due to the 'FORCE_COLOR' env being set.
(Use `node --trace-warnings ...` to show where the warning was created)


[74/222] tests/e2e/journeys.spec.ts:88:3 › HEARTS journeys › an empty sign-in is refused
[75/222] tests/e2e/journeys.spec.ts:96:3 › HEARTS journeys › master opens a portal, a pack and its codes
  5) tests/e2e/journeys.spec.ts:96:3 › HEARTS journeys › master opens a portal, a pack and its codes 

    Test timeout of 120000ms exceeded.

    Error: page.waitForURL: Test timeout of 120000ms exceeded.
    =========================== logs ===========================
    waiting for navigation until "load"
    ============================================================

      25 |   await page.getByTestId('login-password').fill(password)
      26 |   await page.getByTestId('login-submit').click()
    > 27 |   await page.waitForURL((url) => !url.pathname.startsWith('/login'))
         |              ^
      28 | }
      29 |
      30 | async function join(page: Page, code: string, name: string, email: string, password: string) {
        at signIn (/workspace/hearts-prototype/tests/e2e/journeys.spec.ts:27:14)
        at /workspace/hearts-prototype/tests/e2e/journeys.spec.ts:98:5

    Error Context: test-results/journeys-HEARTS-journeys-m-c2248-portal-a-pack-and-its-codes/error-context.md


[76/222] tests/e2e/journeys.spec.ts:120:3 › HEARTS journeys › admin builds a course, extracts and approves a cut with its clause and seat, and places questions
[77/222] tests/e2e/journeys.spec.ts:192:3 › HEARTS journeys › the approved cut reaches the learner feed; placing answers choose the first course
[78/222] tests/e2e/journeys.spec.ts:216:3 › HEARTS journeys › learner answers, meets the contingent question, and the test clock opens it
[79/222] tests/e2e/journeys.spec.ts:273:3 › HEARTS journeys › a second learner sees the shared answer, and a private answer stays private
[80/222] tests/e2e/journeys.spec.ts:293:3 › HEARTS journeys › teacher replies to a shared workbook entry and the learner is told
[81/222] tests/e2e/journeys.spec.ts:314:3 › HEARTS journeys › the schedule splitter shares three parts across Wednesdays and Fridays
[82/222] tests/e2e/journeys.spec.ts:332:3 › HEARTS journeys › RSVP gives an earned or held ticket, self check-in for earned, staff check-in for held
[83/222] tests/e2e/journeys.spec.ts:358:3 › HEARTS journeys › rooms stay apart, including forged ids and the raw API
[84/222] tests/e2e/journeys.spec.ts:394:3 › HEARTS journeys › a learner on an admin address is sent back, and a closed portal shows the closed page
[85/222] tests/e2e/journeys.spec.ts:417:3 › HEARTS journeys › feed swipes stay on one level, and learn more steps to that clip’s own parent
[86/222] tests/e2e/journeys.spec.ts:470:3 › HEARTS journeys › the main screens load without console errors
(node:39446) Warning: The 'NO_COLOR' env is ignored due to the 'FORCE_COLOR' env being set.
(Use `node --trace-warnings ...` to show where the warning was created)


(node:39446) Warning: The 'NO_COLOR' env is ignored due to the 'FORCE_COLOR' env being set.
(Use `node --trace-warnings ...` to show where the warning was created)


[87/222] tests/e2e/library-teach.spec.ts:25:1 › library packs are summaries, and the course picker is the door tree
  6) tests/e2e/library-teach.spec.ts:25:1 › library packs are summaries, and the course picker is the door tree 

    Test timeout of 180000ms exceeded.

    Error Context: test-results/library-teach-library-pack-9317b-rse-picker-is-the-door-tree/error-context.md


[88/222] tests/e2e/library-teach.spec.ts:83:1 › demo learners show varied on-time fractions on Teach
[89/222] tests/e2e/library-teach.spec.ts:107:1 › the workbook empty state is the arch and a sentence, with no bird art
(node:39569) Warning: The 'NO_COLOR' env is ignored due to the 'FORCE_COLOR' env being set.
(Use `node --trace-warnings ...` to show where the warning was created)


(node:39569) Warning: The 'NO_COLOR' env is ignored due to the 'FORCE_COLOR' env being set.
(Use `node --trace-warnings ...` to show where the warning was created)


[90/222] tests/e2e/master-sheet.spec.ts:59:1 › template downloads as xlsx and the seeded library round-trips with no changes
  7) tests/e2e/master-sheet.spec.ts:59:1 › template downloads as xlsx and the seeded library round-trips with no changes 

    "beforeAll" hook timeout of 180000ms exceeded.

      48 | }
      49 |
    > 50 | test.beforeAll(async () => {
         |      ^
      51 |   master = await as('master@hearts.test', 'hearts-master')
      52 |   mkdirSync(ARTIFACTS, { recursive: true })
      53 | })
        at /workspace/hearts-prototype/tests/e2e/master-sheet.spec.ts:50:6

    Error Context: test-results/master-sheet-template-down-7fa9c-round-trips-with-no-changes/error-context.md

    Error Context: test-results/master-sheet-template-down-7fa9c-round-trips-with-no-changes/error-context.md


[91/222] tests/e2e/master-sheet.spec.ts:85:1 › a dry run names every bad cell and does not save the rows
[92/222] tests/e2e/master-sheet.spec.ts:121:1 › applying an ai draft keeps it off the learner page until a person approves it, and undo puts the import back
[93/222] tests/e2e/master-sheet.spec.ts:178:1 › a portal admin can only import into courses made in their own portal
[94/222] tests/e2e/master-sheet.spec.ts:212:1 › five hundred rows are previewed through the import route
[95/222] tests/e2e/master-sheet.spec.ts:235:1 › the desk shows the error preview, the applied import and the export
(node:39611) Warning: The 'NO_COLOR' env is ignored due to the 'FORCE_COLOR' env being set.
(Use `node --trace-warnings ...` to show where the warning was created)


(node:39611) Warning: The 'NO_COLOR' env is ignored due to the 'FORCE_COLOR' env being set.
(Use `node --trace-warnings ...` to show where the warning was created)


[96/222] tests/e2e/nesting-progress.spec.ts:22:1 › at phone size, short clips stay off the grow page and a full talk in a course moves it
  8) tests/e2e/nesting-progress.spec.ts:22:1 › at phone size, short clips stay off the grow page and a full talk in a course moves it 

    Test timeout of 120000ms exceeded.

    Error Context: test-results/nesting-progress-at-phone--f6cee-l-talk-in-a-course-moves-it/error-context.md


(node:39730) Warning: The 'NO_COLOR' env is ignored due to the 'FORCE_COLOR' env being set.
(Use `node --trace-warnings ...` to show where the warning was created)


(node:39730) Warning: The 'NO_COLOR' env is ignored due to the 'FORCE_COLOR' env being set.
(Use `node --trace-warnings ...` to show where the warning was created)


[97/222] tests/e2e/nesting.spec.ts:70:1 › every seeded hors d'oeuvre sits inside its appetiser, and every appetiser inside its full talk
  9) tests/e2e/nesting.spec.ts:70:1 › every seeded hors d'oeuvre sits inside its appetiser, and every appetiser inside its full talk 

    "beforeAll" hook timeout of 180000ms exceeded.

      55 | test.describe.configure({ mode: 'serial' })
      56 |
    > 57 | test.beforeAll(async () => {
         |      ^
      58 |   master = await as('master@hearts.test', 'hearts-master')
      59 |   const joiner = await as(undefined, undefined, { 'x-forwarded-for': '10.6.0.1' })
      60 |   expect(loc(await form(joiner, { action: 'join', code: seedCode('elm-learner'), ...LEARNER }))).not.toContain('error=')
        at /workspace/hearts-prototype/tests/e2e/nesting.spec.ts:57:6

    Error Context: test-results/nesting-every-seeded-hors--4a020-etiser-inside-its-full-talk/error-context.md

    Error Context: test-results/nesting-every-seeded-hors--4a020-etiser-inside-its-full-talk/error-context.md


[98/222] tests/e2e/nesting.spec.ts:94:1 › a tier whose hors d'oeuvre leaves the appetiser is refused
[99/222] tests/e2e/nesting.spec.ts:107:1 › browsing answers and short watching never move the course, the Garden or time given
[100/222] tests/e2e/nesting.spec.ts:135:1 › the course page sends only the seconds played there, so opening near the end counts nothing
[101/222] tests/e2e/nesting.spec.ts:148:1 › answering in the course and watching the full talk there do count
[102/222] tests/e2e/nesting.spec.ts:169:1 › swipes stay on the level being watched, and "Learn more" goes to the parent of that same item
(node:39820) Warning: The 'NO_COLOR' env is ignored due to the 'FORCE_COLOR' env being set.
(Use `node --trace-warnings ...` to show where the warning was created)


(node:39820) Warning: The 'NO_COLOR' env is ignored due to the 'FORCE_COLOR' env being set.
(Use `node --trace-warnings ...` to show where the warning was created)


[103/222] tests/e2e/opening.spec.ts:77:3 › the opening › 1. a first visit to the portal lands on the opener, with its caption and both ways in
  10) tests/e2e/opening.spec.ts:77:3 › the opening › 1. a first visit to the portal lands on the opener, with its caption and both ways in 

    "beforeAll" hook timeout of 180000ms exceeded.

      12 | let master: APIRequestContext
      13 |
    > 14 | test.beforeAll(async () => {
         |      ^
      15 |   master = await playwrightRequest.newContext({ baseURL: E2E_BASE })
      16 |   const login = await master.post('/api/users/login', { data: { email: 'master@hearts.test', password: 'hearts-master' } })
      17 |   expect(login.ok()).toBeTruthy()
        at /workspace/hearts-prototype/tests/e2e/opening.spec.ts:14:6

    Error: apiRequestContext.post: Request context disposed.
    Call log:
      - → POST http://127.0.0.1:3100/api/users/login
        - user-agent: Mozilla/5.0 (Windows NT 10.0; Win64; x64) AppleWebKit/537.36 (KHTML, like Gecko) Chrome/153.0.8010.12 Safari/537.36
        - accept: */*
        - accept-encoding: gzip,deflate,br
        - content-type: application/json
        - content-length: 57


      14 | test.beforeAll(async () => {
      15 |   master = await playwrightRequest.newContext({ baseURL: E2E_BASE })
    > 16 |   const login = await master.post('/api/users/login', { data: { email: 'master@hearts.test', password: 'hearts-master' } })
         |                              ^
      17 |   expect(login.ok()).toBeTruthy()
      18 | })
      19 |
        at /workspace/hearts-prototype/tests/e2e/opening.spec.ts:16:30

    Error Context: test-results/opening-the-opening-1-a-fi-3b577-ts-caption-and-both-ways-in/error-context.md

    Error Context: test-results/opening-the-opening-1-a-fi-3b577-ts-caption-and-both-ways-in/error-context.md


[104/222] tests/e2e/opening.spec.ts:86:3 › the opening › 2. nothing from YouTube loads before the learner chooses a way in (P12)
[105/222] tests/e2e/opening.spec.ts:93:3 › the opening › 3. Let us play opens scene one, and the address follows the scene
[106/222] tests/e2e/opening.spec.ts:100:3 › the opening › 4. a tap shows its reply line, then the next scene rises
[107/222] tests/e2e/opening.spec.ts:109:3 › the opening › 5. Pass moves on without a tap and is kept as a pass
[108/222] tests/e2e/opening.spec.ts:118:3 › the opening › 6. going back replaces the earlier tap instead of adding one
[109/222] tests/e2e/opening.spec.ts:131:3 › the opening › 7. the crisis option opens the help screen with contacts, and Back to HEARTS returns to the opener
[110/222] tests/e2e/opening.spec.ts:145:3 › the opening › 8. the help screen has its own address and works on a cold load
[111/222] tests/e2e/opening.spec.ts:151:3 › the opening › 9. six taps hand off with the line, then the feed, at /feed
[112/222] tests/e2e/opening.spec.ts:161:3 › the opening › 10. Back from the feed does not reopen the scenes
[113/222] tests/e2e/opening.spec.ts:169:3 › the opening › 11. the taps stay on the device: no request carries them before sign-up (P1)
[114/222] tests/e2e/opening.spec.ts:182:3 › the opening › 12. before sign-up the feed is chosen on the device, so no request carries lane scores (P2)
[115/222] tests/e2e/opening.spec.ts:196:3 › the opening › 13. Just show me something goes straight to a clip with its own line
[116/222] tests/e2e/opening.spec.ts:203:3 › the opening › 14. after the opening, the portal address opens the feed on the next visit
[117/222] tests/e2e/opening.spec.ts:210:3 › the opening › 15. the sky lightens scene by scene and is full at the feed
[118/222] tests/e2e/opening.spec.ts:219:3 › the opening › 16. a heart on a clip asks to keep the place, and Not now carries on
[119/222] tests/e2e/opening.spec.ts:228:3 › the opening › 17. signing up from the sheet sends the opening once, and the workbook shows where you started
[120/222] tests/e2e/opening.spec.ts:249:3 › the opening › 18. a private opening answer is never shown to the teacher (P9)
[121/222] tests/e2e/opening.spec.ts:262:3 › the opening › 19. the owner sees all six rows, private ones with a lock
[122/222] tests/e2e/opening.spec.ts:268:3 › the opening › 20. the mentor CSV holds shared rows only
[123/222] tests/e2e/opening.spec.ts:278:3 › the opening › 21. turning off Share my opening answers hides them from the teacher
[124/222] tests/e2e/opening.spec.ts:305:3 › the opening › 22. the Me tab lets the learner change their name
[125/222] tests/e2e/opening.spec.ts:317:3 › the opening › 23. Guarding the gaze is opt-in and kept on the device only
[126/222] tests/e2e/opening.spec.ts:328:3 › the opening › 24. Start again clears the opening here and on the server, and opens the opener
[127/222] tests/e2e/opening.spec.ts:347:3 › the opening › 25. reduced motion keeps every step, with fades in place of movement
[128/222] tests/e2e/opening.spec.ts:361:3 › pop-up questions in a lesson › 26. the question strip shows one mark per question
[129/222] tests/e2e/opening.spec.ts:369:3 › pop-up questions in a lesson › 27. playback stops at a question, the answer saves, and playback carries on
[130/222] tests/e2e/opening.spec.ts:391:3 › pop-up questions in a lesson › 28. Answer later closes the card and keeps the question open
[131/222] tests/e2e/opening.spec.ts:405:3 › pop-up questions in a lesson › 29a. a clip the player refuses is reported, and a report alone never hides it
[132/222] tests/e2e/opening.spec.ts:417:3 › pop-up questions in a lesson › 29. the strict layout keeps the paused player in view above the card
[133/222] tests/e2e/opening.spec.ts:442:3 › the desks for the opening › 30. the master sees the six scenes, their options and the publish checks
[134/222] tests/e2e/opening.spec.ts:449:3 › the desks for the opening › 31. publishing a caption with a kill-list word is refused
[135/222] tests/e2e/opening.spec.ts:461:3 › the desks for the opening › 32. the simulator runs the phone’s routing on picked taps
[136/222] tests/e2e/opening.spec.ts:473:3 › the desks for the opening › 33. the lanes screen lists every lane and the tag queue
[137/222] tests/e2e/opening.spec.ts:479:3 › the desks for the opening › 34. trends stay hidden until ten people have taken part
[138/222] tests/e2e/opening.spec.ts:485:3 › the desks for the opening › 35. a portal admin rewords a scene for their community and the opener shows it
[139/222] tests/e2e/opening.spec.ts:501:3 › the desks for the opening › 36. the scene with the help option cannot be left out
[140/222] tests/e2e/opening.spec.ts:508:3 › the desks for the opening › 37. a portal admin adds a help contact and the help screen lists it
[141/222] tests/e2e/opening.spec.ts:523:3 › the desks for the opening › 38. persona bands are distinct, including anger and greed
[142/222] tests/e2e/opening.spec.ts:540:3 › the desks for the opening › 39. the master edits a scale and a nudge, and a portal admin cannot see the bands
[143/222] tests/e2e/opening.spec.ts:584:3 › the desks for the opening › 40. a learner sees a gentle path and the API carries no raw scores
[144/222] tests/e2e/opening.spec.ts:613:3 › the desks for the opening › 41. an imam sees the signed scale over time and the talks watched between looks
[145/222] tests/e2e/opening.spec.ts:657:3 › the desks for the opening › 42. a month later the home card opens different words and a life check
(node:39873) Warning: The 'NO_COLOR' env is ignored due to the 'FORCE_COLOR' env being set.
(Use `node --trace-warnings ...` to show where the warning was created)


(node:39873) Warning: The 'NO_COLOR' env is ignored due to the 'FORCE_COLOR' env being set.
(Use `node --trace-warnings ...` to show where the warning was created)


[146/222] tests/e2e/portal-features.spec.ts:61:1 › the master creator can switch Gather off, and a learner sees no Gather until it is turned back on
  11) tests/e2e/portal-features.spec.ts:61:1 › the master creator can switch Gather off, and a learner sees no Gather until it is turned back on 

    "beforeAll" hook timeout of 180000ms exceeded.

      51 | test.describe.configure({ mode: 'serial' })
      52 |
    > 53 | test.beforeAll(async () => {
         |      ^
      54 |   master = await as('master@hearts.test', 'hearts-master')
      55 | })
      56 |
        at /workspace/hearts-prototype/tests/e2e/portal-features.spec.ts:53:6

    Error Context: test-results/portal-features-the-master-32281--until-it-is-turned-back-on/error-context.md

    Error Context: test-results/portal-features-the-master-32281--until-it-is-turned-back-on/error-context.md


(node:39914) Warning: The 'NO_COLOR' env is ignored due to the 'FORCE_COLOR' env being set.
(Use `node --trace-warnings ...` to show where the warning was created)


(node:39914) Warning: The 'NO_COLOR' env is ignored due to the 'FORCE_COLOR' env being set.
(Use `node --trace-warnings ...` to show where the warning was created)


[147/222] tests/e2e/round2-integration.spec.ts:27:1 › no hoopoe or Hudhud on sign-in, Home, the feed, the garden, Me, the desks or the laptop page
  12) tests/e2e/round2-integration.spec.ts:27:1 › no hoopoe or Hudhud on sign-in, Home, the feed, the garden, Me, the desks or the laptop page 

    Test timeout of 180000ms exceeded.

    Error: page.waitForURL: Test timeout of 180000ms exceeded.
    =========================== logs ===========================
    waiting for navigation until "load"
    ============================================================

      13 |   await page.getByTestId('login-password').fill(password)
      14 |   await page.getByTestId('login-submit').click()
    > 15 |   await page.waitForURL((url) => !url.pathname.startsWith('/login'))
         |              ^
      16 | }
      17 |
      18 | async function clean(page: Page, where: string) {
        at signIn (/workspace/hearts-prototype/tests/e2e/round2-integration.spec.ts:15:14)
        at /workspace/hearts-prototype/tests/e2e/round2-integration.spec.ts:36:3

    Error Context: test-results/round2-integration-no-hoop-4cd14-he-desks-or-the-laptop-page/error-context.md


(node:40004) Warning: The 'NO_COLOR' env is ignored due to the 'FORCE_COLOR' env being set.
(Use `node --trace-warnings ...` to show where the warning was created)


(node:40004) Warning: The 'NO_COLOR' env is ignored due to the 'FORCE_COLOR' env being set.
(Use `node --trace-warnings ...` to show where the warning was created)


[148/222] tests/e2e/round2-integration.spec.ts:69:1 › desks wear the evening garden: deep teal page and panels, gold buttons
  13) tests/e2e/round2-integration.spec.ts:69:1 › desks wear the evening garden: deep teal page and panels, gold buttons 

    Test timeout of 180000ms exceeded.

    Error: page.waitForURL: Test timeout of 180000ms exceeded.
    =========================== logs ===========================
    waiting for navigation until "load"
    ============================================================

      13 |   await page.getByTestId('login-password').fill(password)
      14 |   await page.getByTestId('login-submit').click()
    > 15 |   await page.waitForURL((url) => !url.pathname.startsWith('/login'))
         |              ^
      16 | }
      17 |
      18 | async function clean(page: Page, where: string) {
        at signIn (/workspace/hearts-prototype/tests/e2e/round2-integration.spec.ts:15:14)
        at /workspace/hearts-prototype/tests/e2e/round2-integration.spec.ts:71:3

    Error Context: test-results/round2-integration-desks-w-5b520-age-and-panels-gold-buttons/error-context.md


(node:40100) Warning: The 'NO_COLOR' env is ignored due to the 'FORCE_COLOR' env being set.
(Use `node --trace-warnings ...` to show where the warning was created)


(node:40100) Warning: The 'NO_COLOR' env is ignored due to the 'FORCE_COLOR' env being set.
(Use `node --trace-warnings ...` to show where the warning was created)


[149/222] tests/e2e/round2-integration.spec.ts:118:1 › the library puts each course on the door its clips carry
  14) tests/e2e/round2-integration.spec.ts:118:1 › the library puts each course on the door its clips carry 

    Test timeout of 180000ms exceeded.

    Error Context: test-results/round2-integration-the-lib-47bdb-on-the-door-its-clips-carry/error-context.md


(node:40417) Warning: The 'NO_COLOR' env is ignored due to the 'FORCE_COLOR' env being set.
(Use `node --trace-warnings ...` to show where the warning was created)


(node:40417) Warning: The 'NO_COLOR' env is ignored due to the 'FORCE_COLOR' env being set.
(Use `node --trace-warnings ...` to show where the warning was created)


[150/222] tests/e2e/round3.spec.ts:52:3 › round 3 API › Bug 1: one account adds at most one trend row a week, whatever nonce it sends
  15) tests/e2e/round3.spec.ts:52:3 › round 3 API › Bug 1: one account adds at most one trend row a week, whatever nonce it sends 

    "beforeAll" hook timeout of 180000ms exceeded.

      41 | const PICKS: [string, string][] = [['extra', 'pause'], ['queue', 'let-go'], ['thumb', 'lives'], ['visitor', 'spin'], ['news', 'nobody'], ['doors', 'calmer']]
      42 |
    > 43 | test.beforeAll(async () => {
         |      ^
      44 |   master = await as('master@hearts.test', 'hearts-master')
      45 | })
      46 | test.afterAll(async () => {
        at /workspace/hearts-prototype/tests/e2e/round3.spec.ts:43:6

    TypeError: Cannot read properties of undefined (reading 'post')

      15 |   return ctx
      16 | }
    > 17 | const form = (ctx: APIRequestContext, data: Record<string, string>) => ctx.post('/api/hearts', { form: data, maxRedirects: 0 })
         |                                                                            ^
      18 | const loc = (response: APIResponse) => decodeURIComponent((response.headers()['location'] || '').replace(/\+/g, ' '))
      19 | const json = async (response: APIResponse) => (await response.json().catch(() => ({}))) as Record<string, any>
      20 |
        at form (/workspace/hearts-prototype/tests/e2e/round3.spec.ts:17:76)
        at resetClockAndLimits (/workspace/hearts-prototype/tests/e2e/round3.spec.ts:31:9)
        at /workspace/hearts-prototype/tests/e2e/round3.spec.ts:47:9

    Error Context: test-results/round3-round-3-API-Bug-1-o-0aabd-eek-whatever-nonce-it-sends/error-context.md

    Error Context: test-results/round3-round-3-API-Bug-1-o-0aabd-eek-whatever-nonce-it-sends/error-context.md


[151/222] tests/e2e/round3.spec.ts:75:3 › round 3 API › Bug 2: codes have expiry, max uses and a switch; a one-use code refuses a second person; guessing is throttled; seed codes are random
[152/222] tests/e2e/round3.spec.ts:108:3 › round 3 API › Bug 3: a portal admin cannot get round the opening rules over REST, and cannot move the setup to another portal
[153/222] tests/e2e/round3.spec.ts:125:3 › round 3 API › Bug 4: a heart-state row is always the signed-in person, and only with Keep my place on
[154/222] tests/e2e/round3.spec.ts:140:3 › round 3 API › Bug 6: a private answer is read by its owner only, not the teacher, the admin or the master
[155/222] tests/e2e/round3.spec.ts:155:3 › round 3 API › Bug 7: nothing is written while viewing as someone, globals and new portals included
[156/222] tests/e2e/round3.spec.ts:168:3 › round 3 API › Bug 8: joining is refused and audited while viewing as someone, even with changes allowed
[157/222] tests/e2e/round3.spec.ts:183:3 › round 3 API › Bug 9: only the master moves the test clock, and signed-out reads of it are refused
[158/222] tests/e2e/round3.spec.ts:193:3 › round 3 API › Bug 11: a portal hides at most two scenes and never the one with the help option
[159/222] tests/e2e/round3.spec.ts:208:3 › round 3 API › Bug 12: reserved portal addresses are refused by the form and by REST
[160/222] tests/e2e/round3.spec.ts:216:3 › round 3 API › Bug 13: help contacts take tel and https only, and the help screen shows plain text
[161/222] tests/e2e/round3.spec.ts:228:3 › round 3 API › Bug 15: Al-Nur plays the full class and the seed holds every timing inside its talk
[162/222] tests/e2e/round3.spec.ts:237:3 › round 3 API › Bug 21: plans are capped at a year, take a season name, and say 1 sitting
[163/222] tests/e2e/round3.spec.ts:248:3 › round 3 API › Bug 24: master flags are not readable signed out; unplayable reports need sign-in and are rate-limited
[164/222] tests/e2e/round3.spec.ts:260:3 › round 3 API › Bug 25: leaving view-as goes back to a path on this site, never localhost
[165/222] tests/e2e/round3.spec.ts:272:3 › round 3 API › Bug 26: a view-as reason, and a reason to allow changes, need at least 10 characters
[166/222] tests/e2e/round3.spec.ts:285:3 › round 3 screens › Bug 5: nothing tap-derived leaves the device before sign-up, and the feed API refuses strangers
[167/222] tests/e2e/round3.spec.ts:300:3 › round 3 screens › Bug 14: the 14-day chart bars have width
[168/222] tests/e2e/round3.spec.ts:310:3 › round 3 screens › Bug 16: a reload in the middle of the opening keeps the taps and the scene
[169/222] tests/e2e/round3.spec.ts:324:3 › round 3 screens › Bug 17: a double tap moves one scene and adds one history entry
[170/222] tests/e2e/round3.spec.ts:343:3 › round 3 screens › Bug 18: a narrow screen gets a laptop note instead of the desk
[171/222] tests/e2e/round3.spec.ts:354:3 › round 3 screens › Bug 19: the question sheet never covers the film, in either layout
[172/222] tests/e2e/round3.spec.ts:383:3 › round 3 screens › Bug 22: a brand-new portal can choose courses from the central library
[173/222] tests/e2e/round3.spec.ts:403:3 › round 3 screens › Bug 23: Home Continue rows put the title and the speaker line on separate lines
[174/222] tests/e2e/round3.spec.ts:413:3 › round 3 screens › Bug 27: What others said stays hidden until the learner opts in
[175/222] tests/e2e/round3.spec.ts:428:3 › round 3 screens › Bug 28: no hydration warnings on the desks
[176/222] tests/e2e/round3.spec.ts:450:3 › round 3 screens › Section T: the appetiser offers the main from 0:00 and a resume link at its out point; drafts stay off the learner side
[177/222] tests/e2e/round3.spec.ts:496:3 › round 3 screens › Section T: the master checks a talk in the tier editor and publishes a pop-up
(node:40467) Warning: The 'NO_COLOR' env is ignored due to the 'FORCE_COLOR' env being set.
(Use `node --trace-warnings ...` to show where the warning was created)


(node:40467) Warning: The 'NO_COLOR' env is ignored due to the 'FORCE_COLOR' env being set.
(Use `node --trace-warnings ...` to show where the warning was created)


[178/222] tests/e2e/round4.spec.ts:64:3 › round 4 API › N4: the tier record is what learners get for lessons 1 to 3, one clip per talk, and an edit reaches them at once
  16) tests/e2e/round4.spec.ts:64:3 › round 4 API › N4: the tier record is what learners get for lessons 1 to 3, one clip per talk, and an edit reaches them at once 

    "beforeAll" hook timeout of 180000ms exceeded.

      53 | }
      54 |
    > 55 | test.beforeAll(async () => {
         |      ^
      56 |   master = await as('master@hearts.test', 'hearts-master')
      57 | })
      58 | test.afterAll(async () => {
        at /workspace/hearts-prototype/tests/e2e/round4.spec.ts:55:6

    TypeError: Cannot read properties of undefined (reading 'post')

      19 |   return ctx
      20 | }
    > 21 | const form = (ctx: APIRequestContext, data: Record<string, string>) => ctx.post('/api/hearts', { form: data, maxRedirects: 0 })
         |                                                                            ^
      22 | const loc = (response: APIResponse) => decodeURIComponent((response.headers()['location'] || '').replace(/\+/g, ' '))
      23 | const json = async (response: APIResponse) => (await response.json().catch(() => ({}))) as Record<string, any>
      24 | async function signIn(page: Page, email: string, password: string, next: string) {
        at form (/workspace/hearts-prototype/tests/e2e/round4.spec.ts:21:76)
        at resetClockAndLimits (/workspace/hearts-prototype/tests/e2e/round4.spec.ts:52:9)
        at /workspace/hearts-prototype/tests/e2e/round4.spec.ts:59:9

    Error Context: test-results/round4-round-4-API-N4-the--83a0c-n-edit-reaches-them-at-once/error-context.md

    Error Context: test-results/round4-round-4-API-N4-the--83a0c-n-edit-reaches-them-at-once/error-context.md


[179/222] tests/e2e/round4.spec.ts:86:3 › round 4 API › LOW: lesson 1 plays its video, not slides
[180/222] tests/e2e/round4.spec.ts:93:3 › round 4 API › K1: pop-up questions and tier lines refuse spaced letters, stretched spellings, quizlet, rating and markup
[181/222] tests/e2e/round4.spec.ts:105:3 › round 4 API › N2: a portal admin sets any use limit on an admin code, including none; it grants admin in their own portal only, can be switched off, and shows who joined
[182/222] tests/e2e/round4.spec.ts:148:3 › round 4 API › N1: 210 failures from rotating addresses never block a valid code; one address is limited by its own failures, whatever it writes on the left
[183/222] tests/e2e/round4.spec.ts:171:3 › round 4 API › N3: a contribution counts only from an account that has finished a video and is at least a day old
[184/222] tests/e2e/round4.spec.ts:194:3 › round 4 API › D1: show unchecked talks is a master flag; off, learners get approved talks only; review approves and rejects
[185/222] tests/e2e/round4.spec.ts:216:3 › round 4 screens › L1: each lane card opens that lane’s own feed, starting on its first clip
[186/222] tests/e2e/round4.spec.ts:238:3 › round 4 screens › LOW: a speaker’s Watch intro plays the tier’s appetiser and stops at its out point
[187/222] tests/e2e/round4.spec.ts:256:3 › round 4 screens › A1 and A2: at 390 by 844 the appetiser plays its clip with nothing overlapping, and no transcript over the picture
[188/222] tests/e2e/round4.spec.ts:294:3 › round 4 screens › G1: the Garden rings are readable and Your path is styled with one number per lesson
[189/222] tests/e2e/round4.spec.ts:316:3 › round 4 screens › LOW: each Still open row in the workbook keeps the question and the talk on separate lines
[190/222] tests/e2e/round4.spec.ts:333:3 › round 4 screens › E1: at 1440 the tier editor labels, number boxes, sliders, headings and note do not overlap
[191/222] tests/e2e/round4.spec.ts:356:3 › round 4 screens › D1: the review screen plays both tiers, shows hook, turn and land, and takes keyboard shortcuts
[192/222] tests/e2e/round4.spec.ts:388:3 › round 4 screens › LOW: a question paused over the film fades YouTube’s pause panel under a soft scrim
(node:40523) Warning: The 'NO_COLOR' env is ignored due to the 'FORCE_COLOR' env being set.
(Use `node --trace-warnings ...` to show where the warning was created)


(node:40523) Warning: The 'NO_COLOR' env is ignored due to the 'FORCE_COLOR' env being set.
(Use `node --trace-warnings ...` to show where the warning was created)


[193/222] tests/e2e/screenshots.spec.ts:25:1 › a week of use, so the garden has something in it
  17) tests/e2e/screenshots.spec.ts:25:1 › a week of use, so the garden has something in it ────────

    Test timeout of 300000ms exceeded.

    Error: page.waitForURL: Test timeout of 300000ms exceeded.
    =========================== logs ===========================
    waiting for navigation until "load"
    ============================================================

      10 |   await page.getByTestId('login-password').fill(password)
      11 |   await page.getByTestId('login-submit').click()
    > 12 |   await page.waitForURL((url) => !url.pathname.startsWith('/login'))
         |              ^
      13 | }
      14 |
      15 | async function shot(page: Page, name: string, path: string, fullPage = false) {
        at signIn (/workspace/hearts-prototype/tests/e2e/screenshots.spec.ts:12:14)
        at /workspace/hearts-prototype/tests/e2e/screenshots.spec.ts:27:3

    Error Context: test-results/screenshots-a-week-of-use-so-the-garden-has-something-in-it/error-context.md


(node:40628) Warning: The 'NO_COLOR' env is ignored due to the 'FORCE_COLOR' env being set.
(Use `node --trace-warnings ...` to show where the warning was created)


(node:40628) Warning: The 'NO_COLOR' env is ignored due to the 'FORCE_COLOR' env being set.
(Use `node --trace-warnings ...` to show where the warning was created)


[194/222] tests/e2e/screenshots.spec.ts:56:1 › learner app at phone size
  18) tests/e2e/screenshots.spec.ts:56:1 › learner app at phone size ───────────────────────────────

    Test timeout of 300000ms exceeded.

    Error: page.waitForURL: Test timeout of 300000ms exceeded.
    =========================== logs ===========================
    waiting for navigation until "load"
    ============================================================

      10 |   await page.getByTestId('login-password').fill(password)
      11 |   await page.getByTestId('login-submit').click()
    > 12 |   await page.waitForURL((url) => !url.pathname.startsWith('/login'))
         |              ^
      13 | }
      14 |
      15 | async function shot(page: Page, name: string, path: string, fullPage = false) {
        at signIn (/workspace/hearts-prototype/tests/e2e/screenshots.spec.ts:12:14)
        at /workspace/hearts-prototype/tests/e2e/screenshots.spec.ts:58:3

    Error Context: test-results/screenshots-learner-app-at-phone-size/error-context.md


(node:40837) Warning: The 'NO_COLOR' env is ignored due to the 'FORCE_COLOR' env being set.
(Use `node --trace-warnings ...` to show where the warning was created)


(node:40837) Warning: The 'NO_COLOR' env is ignored due to the 'FORCE_COLOR' env being set.
(Use `node --trace-warnings ...` to show where the warning was created)


[195/222] tests/e2e/screenshots.spec.ts:100:1 › portal desk at desktop size
  19) tests/e2e/screenshots.spec.ts:100:1 › portal desk at desktop size ────────────────────────────

    Test timeout of 300000ms exceeded.

    Error: page.waitForURL: Test timeout of 300000ms exceeded.
    =========================== logs ===========================
    waiting for navigation until "load"
    ============================================================

      10 |   await page.getByTestId('login-password').fill(password)
      11 |   await page.getByTestId('login-submit').click()
    > 12 |   await page.waitForURL((url) => !url.pathname.startsWith('/login'))
         |              ^
      13 | }
      14 |
      15 | async function shot(page: Page, name: string, path: string, fullPage = false) {
        at signIn (/workspace/hearts-prototype/tests/e2e/screenshots.spec.ts:12:14)
        at /workspace/hearts-prototype/tests/e2e/screenshots.spec.ts:102:3

    Error Context: test-results/screenshots-portal-desk-at-desktop-size/error-context.md


(node:40942) Warning: The 'NO_COLOR' env is ignored due to the 'FORCE_COLOR' env being set.
(Use `node --trace-warnings ...` to show where the warning was created)


(node:40942) Warning: The 'NO_COLOR' env is ignored due to the 'FORCE_COLOR' env being set.
(Use `node --trace-warnings ...` to show where the warning was created)


[196/222] tests/e2e/screenshots.spec.ts:136:1 › the opening at phone size
  20) tests/e2e/screenshots.spec.ts:136:1 › the opening at phone size ──────────────────────────────

    Test timeout of 300000ms exceeded.

    Error: page.goto: net::ERR_ABORTED; maybe frame was detached?
    Call log:
      - navigating to "http://127.0.0.1:3100/p/east-london/start", waiting until "load"


      15 | async function shot(page: Page, name: string, path: string, fullPage = false) {
      16 |   mkdirSync(dir, { recursive: true })
    > 17 |   await page.goto(path)
         |              ^
      18 |   await page.waitForLoadState('networkidle', { timeout: 6000 }).catch(() => {})
      19 |   await page.waitForTimeout(600)
      20 |   await page.screenshot({ path: `${dir}/${name}.png`, fullPage, caret: 'initial' })
        at shot (/workspace/hearts-prototype/tests/e2e/screenshots.spec.ts:17:14)
        at /workspace/hearts-prototype/tests/e2e/screenshots.spec.ts:139:9

    Error Context: test-results/screenshots-the-opening-at-phone-size/error-context.md


(node:41056) Warning: The 'NO_COLOR' env is ignored due to the 'FORCE_COLOR' env being set.
(Use `node --trace-warnings ...` to show where the warning was created)


(node:41056) Warning: The 'NO_COLOR' env is ignored due to the 'FORCE_COLOR' env being set.
(Use `node --trace-warnings ...` to show where the warning was created)


[197/222] tests/e2e/screenshots.spec.ts:158:1 › view as, from the portal desk
  21) tests/e2e/screenshots.spec.ts:158:1 › view as, from the portal desk ──────────────────────────

    Test timeout of 300000ms exceeded.

    Error: page.waitForURL: Test timeout of 300000ms exceeded.
    =========================== logs ===========================
    waiting for navigation until "load"
    ============================================================

      10 |   await page.getByTestId('login-password').fill(password)
      11 |   await page.getByTestId('login-submit').click()
    > 12 |   await page.waitForURL((url) => !url.pathname.startsWith('/login'))
         |              ^
      13 | }
      14 |
      15 | async function shot(page: Page, name: string, path: string, fullPage = false) {
        at signIn (/workspace/hearts-prototype/tests/e2e/screenshots.spec.ts:12:14)
        at /workspace/hearts-prototype/tests/e2e/screenshots.spec.ts:160:3

    Error Context: test-results/screenshots-view-as-from-the-portal-desk/error-context.md


(node:41205) Warning: The 'NO_COLOR' env is ignored due to the 'FORCE_COLOR' env being set.
(Use `node --trace-warnings ...` to show where the warning was created)


(node:41205) Warning: The 'NO_COLOR' env is ignored due to the 'FORCE_COLOR' env being set.
(Use `node --trace-warnings ...` to show where the warning was created)


[198/222] tests/e2e/screenshots.spec.ts:174:1 › door, sign-in and join
[199/222] tests/e2e/screenshots.spec.ts:181:1 › circle answers: the desk and the swarm
  22) tests/e2e/screenshots.spec.ts:181:1 › circle answers: the desk and the swarm ─────────────────

    Test timeout of 300000ms exceeded.

    Error: page.waitForURL: Test timeout of 300000ms exceeded.
    =========================== logs ===========================
    waiting for navigation until "load"
    ============================================================

      10 |   await page.getByTestId('login-password').fill(password)
      11 |   await page.getByTestId('login-submit').click()
    > 12 |   await page.waitForURL((url) => !url.pathname.startsWith('/login'))
         |              ^
      13 | }
      14 |
      15 | async function shot(page: Page, name: string, path: string, fullPage = false) {
        at signIn (/workspace/hearts-prototype/tests/e2e/screenshots.spec.ts:12:14)
        at /workspace/hearts-prototype/tests/e2e/screenshots.spec.ts:183:3

    Error Context: test-results/screenshots-circle-answers-the-desk-and-the-swarm/error-context.md


(node:41329) Warning: The 'NO_COLOR' env is ignored due to the 'FORCE_COLOR' env being set.
(Use `node --trace-warnings ...` to show where the warning was created)


(node:41329) Warning: The 'NO_COLOR' env is ignored due to the 'FORCE_COLOR' env being set.
(Use `node --trace-warnings ...` to show where the warning was created)


[200/222] tests/e2e/security.spec.ts:9:1 › the create-first-user screen and first-register are closed, and nobody outside can make an admin
  23) tests/e2e/security.spec.ts:9:1 › the create-first-user screen and first-register are closed, and nobody outside can make an admin 

    Test timeout of 180000ms exceeded.

    Error Context: test-results/security-the-create-first--178e4-y-outside-can-make-an-admin/error-context.md


(node:41370) Warning: The 'NO_COLOR' env is ignored due to the 'FORCE_COLOR' env being set.
(Use `node --trace-warnings ...` to show where the warning was created)


(node:41370) Warning: The 'NO_COLOR' env is ignored due to the 'FORCE_COLOR' env being set.
(Use `node --trace-warnings ...` to show where the warning was created)


[201/222] tests/e2e/sheet-creator.spec.ts:60:1 › the creator drafts a sheet, then a learner completes a task the imam can see
  24) tests/e2e/sheet-creator.spec.ts:60:1 › the creator drafts a sheet, then a learner completes a task the imam can see 

    "beforeAll" hook timeout of 180000ms exceeded.

      49 | }
      50 |
    > 51 | test.beforeAll(async () => {
         |      ^
      52 |   master = await as('master@hearts.test', 'hearts-master')
      53 |   mkdirSync(ARTIFACTS, { recursive: true })
      54 | })
        at /workspace/hearts-prototype/tests/e2e/sheet-creator.spec.ts:51:6

    Error Context: test-results/sheet-creator-the-creator--f8732-tes-a-task-the-imam-can-see/error-context.md

    Error Context: test-results/sheet-creator-the-creator--f8732-tes-a-task-the-imam-can-see/error-context.md


[202/222] tests/e2e/sheet-creator.spec.ts:168:1 › a portal admin searches for their own course and cannot draft the master library
(node:41411) Warning: The 'NO_COLOR' env is ignored due to the 'FORCE_COLOR' env being set.
(Use `node --trace-warnings ...` to show where the warning was created)


(node:41411) Warning: The 'NO_COLOR' env is ignored due to the 'FORCE_COLOR' env being set.
(Use `node --trace-warnings ...` to show where the warning was created)


[203/222] tests/e2e/sheet-packs.spec.ts:65:1 › the pack column puts a new course in the pack; without the tick box existing learners are left as they are, and that is logged
  25) tests/e2e/sheet-packs.spec.ts:65:1 › the pack column puts a new course in the pack; without the tick box existing learners are left as they are, and that is logged 

    "beforeAll" hook timeout of 180000ms exceeded.

      39 | test.describe.configure({ mode: 'serial' })
      40 |
    > 41 | test.beforeAll(async () => {
         |      ^
      42 |   master = await as('master@hearts.test', 'hearts-master')
      43 |   packId = (await json(await master.post('/api/packs', { data: { title: PACK, owner: 'master', courses: [] } }))).doc.id
      44 |   const joiner = await as(undefined, undefined, {})
        at /workspace/hearts-prototype/tests/e2e/sheet-packs.spec.ts:41:6

    TypeError: Cannot read properties of undefined (reading 'get')

      33 | const talk = (key: string, course: string, youtubeId: string, extra: Record<string, string> = {}) => ({ talk_key: key, youtube_id: youtubeId, title: `A sitting for ${course}`, course, speaker: 'Pack Test', ...extra })
      34 | const packCourses = async () => ((await json(await master.get(`/api/packs/${packId}?depth=0`))).courses as (number | { id: number })[]).map((row) => (typeof row === 'number' ? row : row.id))
    > 35 | const courseId = async (title: string) => ((await json(await master.get(`/api/courses?where[title][equals]=${encodeURIComponent(title)}&depth=0`))).docs[0]?.id as number | undefined)
         |                                                                     ^
      36 | const courseList = async () => ((await json(await master.get(`/api/users/${learnerId}?depth=0`))).courseList as number[]).map(Number)
      37 | const lastAudit = async (event: string) => (await json(await master.get(`/api/audit-log?where[event][equals]=${event}&sort=-createdAt&limit=1&depth=0`))).docs[0] as { detail?: Record<string, any> } | undefined
      38 |
        at courseId (/workspace/hearts-prototype/tests/e2e/sheet-packs.spec.ts:35:69)
        at /workspace/hearts-prototype/tests/e2e/sheet-packs.spec.ts:54:22

    Error Context: test-results/sheet-packs-the-pack-colum-903a4-they-are-and-that-is-logged/error-context.md

    Error Context: test-results/sheet-packs-the-pack-colum-903a4-they-are-and-that-is-logged/error-context.md


[204/222] tests/e2e/sheet-packs.spec.ts:84:1 › the preview offers the pack choice with the push tick box off by default
[205/222] tests/e2e/sheet-packs.spec.ts:99:1 › choosing a pack for new courses and ticking push gives them to learners who already hold the pack; undo takes both back out
[206/222] tests/e2e/sheet-packs.spec.ts:126:1 › a portal admin cannot name a master pack or another portal’s pack
(node:41529) Warning: The 'NO_COLOR' env is ignored due to the 'FORCE_COLOR' env being set.
(Use `node --trace-warnings ...` to show where the warning was created)


(node:41529) Warning: The 'NO_COLOR' env is ignored due to the 'FORCE_COLOR' env being set.
(Use `node --trace-warnings ...` to show where the warning was created)


[207/222] tests/e2e/typography.spec.ts:27:1 › Typography panel lists the five styles and can stand in for the hors d’oeuvre
  26) tests/e2e/typography.spec.ts:27:1 › Typography panel lists the five styles and can stand in for the hors d’oeuvre 

    "beforeAll" hook timeout of 180000ms exceeded.

      16 | }
      17 |
    > 18 | test.beforeAll(async () => {
         |      ^
      19 |   master = await playwrightRequest.newContext({ baseURL: E2E_BASE })
      20 |   expect((await master.post('/api/users/login', { data: { email: 'master@hearts.test', password: 'hearts-master' } })).ok()).toBeTruthy()
      21 | })
        at /workspace/hearts-prototype/tests/e2e/typography.spec.ts:18:6

    Error: apiRequestContext.post: Request context disposed.
    Call log:
      - → POST http://127.0.0.1:3100/api/users/login
        - user-agent: Mozilla/5.0 (Windows NT 10.0; Win64; x64) AppleWebKit/537.36 (KHTML, like Gecko) Chrome/153.0.8010.12 Safari/537.36
        - accept: */*
        - accept-encoding: gzip,deflate,br
        - content-type: application/json
        - content-length: 57


      18 | test.beforeAll(async () => {
      19 |   master = await playwrightRequest.newContext({ baseURL: E2E_BASE })
    > 20 |   expect((await master.post('/api/users/login', { data: { email: 'master@hearts.test', password: 'hearts-master' } })).ok()).toBeTruthy()
         |                        ^
      21 | })
      22 |
      23 | test.afterAll(async () => {
        at /workspace/hearts-prototype/tests/e2e/typography.spec.ts:20:24

    Error Context: test-results/typography-Typography-pane-b3e81-nd-in-for-the-hors-d’oeuvre/error-context.md

    Error Context: test-results/typography-Typography-pane-b3e81-nd-in-for-the-hors-d’oeuvre/error-context.md


(node:41570) Warning: The 'NO_COLOR' env is ignored due to the 'FORCE_COLOR' env being set.
(Use `node --trace-warnings ...` to show where the warning was created)


(node:41570) Warning: The 'NO_COLOR' env is ignored due to the 'FORCE_COLOR' env being set.
(Use `node --trace-warnings ...` to show where the warning was created)


[208/222] tests/e2e/view-as.spec.ts:51:3 › view as › 38. a portal admin views as a learner with a reason, read-only by default
  27) tests/e2e/view-as.spec.ts:51:3 › view as › 38. a portal admin views as a learner with a reason, read-only by default 

    "beforeAll" hook timeout of 180000ms exceeded.

      10 | test.use({ viewport: DESK })
      11 |
    > 12 | test.beforeAll(async () => {
         |      ^
      13 |   master = await playwrightRequest.newContext({ baseURL: E2E_BASE })
      14 |   expect((await master.post('/api/users/login', { data: { email: 'master@hearts.test', password: 'hearts-master' } })).ok()).toBeTruthy()
      15 | })
        at /workspace/hearts-prototype/tests/e2e/view-as.spec.ts:12:6

    Error: apiRequestContext.post: Request context disposed.
    Call log:
      - → POST http://127.0.0.1:3100/api/users/login
        - user-agent: Mozilla/5.0 (Windows NT 10.0; Win64; x64) AppleWebKit/537.36 (KHTML, like Gecko) Chrome/153.0.8010.12 Safari/537.36
        - accept: */*
        - accept-encoding: gzip,deflate,br
        - content-type: application/json
        - content-length: 57


      12 | test.beforeAll(async () => {
      13 |   master = await playwrightRequest.newContext({ baseURL: E2E_BASE })
    > 14 |   expect((await master.post('/api/users/login', { data: { email: 'master@hearts.test', password: 'hearts-master' } })).ok()).toBeTruthy()
         |                        ^
      15 | })
      16 |
      17 | test.afterAll(async () => {
        at /workspace/hearts-prototype/tests/e2e/view-as.spec.ts:14:24

    Error Context: test-results/view-as-view-as-38-a-porta-f8e9e-reason-read-only-by-default/error-context.md

    Error Context: test-results/view-as-view-as-38-a-porta-f8e9e-reason-read-only-by-default/error-context.md


[209/222] tests/e2e/view-as.spec.ts:58:3 › view as › 39. a view without a reason is refused
[210/222] tests/e2e/view-as.spec.ts:68:3 › view as › 40. while read-only, answers and settings are refused and logged
[211/222] tests/e2e/view-as.spec.ts:78:3 › view as › 41. the learner’s private opening answers are not shown in view-as
[212/222] tests/e2e/view-as.spec.ts:87:3 › view as › 42. the viewer’s own device state is left alone, and the view’s keys are wiped on exit
[213/222] tests/e2e/view-as.spec.ts:108:3 › view as › 43. Exit returns to where the view started and ends the session
[214/222] tests/e2e/view-as.spec.ts:118:3 › view as › 44. a teacher has no View as, and the server refuses one
[215/222] tests/e2e/view-as.spec.ts:126:3 › view as › 45. a portal admin cannot view as a learner in another portal
[216/222] tests/e2e/view-as.spec.ts:133:3 › view as › 46. the master views as a portal admin, but never as another master
[217/222] tests/e2e/view-as.spec.ts:147:3 › view as › 47. start and stop are written to the audit log with the reason
[218/222] tests/e2e/view-as.spec.ts:156:3 › view as › 48. allowing changes needs a reason, and then a change goes through and is logged
[219/222] tests/e2e/view-as.spec.ts:174:3 › view as › 49. some things stay closed even with changes allowed: the opening and Start again
(node:41611) Warning: The 'NO_COLOR' env is ignored due to the 'FORCE_COLOR' env being set.
(Use `node --trace-warnings ...` to show where the warning was created)


(node:41611) Warning: The 'NO_COLOR' env is ignored due to the 'FORCE_COLOR' env being set.
(Use `node --trace-warnings ...` to show where the warning was created)


[220/222] tests/e2e/r5d-desks-proof.spec.ts:97:1 › r5d desk proof shots
  28) tests/e2e/r5d-desks-proof.spec.ts:97:1 › r5d desk proof shots ────────────────────────────────

    Test timeout of 400000ms exceeded.

    Error: page.waitForURL: Test timeout of 400000ms exceeded.
    =========================== logs ===========================
    waiting for navigation until "load"
    ============================================================

      35 |   await page.getByTestId('login-password').fill(password)
      36 |   await page.getByTestId('login-submit').click()
    > 37 |   await page.waitForURL((url) => !url.pathname.startsWith('/login'))
         |              ^
      38 | }
      39 |
      40 | async function shot(page: Page, name: string, fullPage = false) {
        at signIn (/workspace/hearts-prototype/tests/e2e/r5d-desks-proof.spec.ts:37:14)
        at /workspace/hearts-prototype/tests/e2e/r5d-desks-proof.spec.ts:100:3

    attachment #1: video (video/webm) ──────────────────────────────────────────────────────────────
    test-results/r5d-desks-proof-r5d-desk-proof-shots/video.webm
    ────────────────────────────────────────────────────────────────────────────────────────────────

    Error Context: test-results/r5d-desks-proof-r5d-desk-proof-shots/error-context.md


(node:41803) Warning: The 'NO_COLOR' env is ignored due to the 'FORCE_COLOR' env being set.
(Use `node --trace-warnings ...` to show where the warning was created)


(node:41803) Warning: The 'NO_COLOR' env is ignored due to the 'FORCE_COLOR' env being set.
(Use `node --trace-warnings ...` to show where the warning was created)


[221/222] tests/e2e/r5d-desks-proof.spec.ts:359:1 › admin and teacher open help tips
  29) tests/e2e/r5d-desks-proof.spec.ts:359:1 › admin and teacher open help tips ───────────────────

    Test timeout of 400000ms exceeded.

    Error: page.waitForURL: Test timeout of 400000ms exceeded.
    =========================== logs ===========================
    waiting for navigation until "load"
    ============================================================

      35 |   await page.getByTestId('login-password').fill(password)
      36 |   await page.getByTestId('login-submit').click()
    > 37 |   await page.waitForURL((url) => !url.pathname.startsWith('/login'))
         |              ^
      38 | }
      39 |
      40 | async function shot(page: Page, name: string, fullPage = false) {
        at signIn (/workspace/hearts-prototype/tests/e2e/r5d-desks-proof.spec.ts:37:14)
        at /workspace/hearts-prototype/tests/e2e/r5d-desks-proof.spec.ts:361:3

    attachment #1: video (video/webm) ──────────────────────────────────────────────────────────────
    test-results/r5d-desks-proof-admin-and-teacher-open-help-tips/video.webm
    ────────────────────────────────────────────────────────────────────────────────────────────────

    Error Context: test-results/r5d-desks-proof-admin-and-teacher-open-help-tips/error-context.md


(node:41977) Warning: The 'NO_COLOR' env is ignored due to the 'FORCE_COLOR' env being set.
(Use `node --trace-warnings ...` to show where the warning was created)


(node:41977) Warning: The 'NO_COLOR' env is ignored due to the 'FORCE_COLOR' env being set.
(Use `node --trace-warnings ...` to show where the warning was created)


[222/222] tests/e2e/r5d-desks-proof.spec.ts:409:1 › every desk help card fits at 1366x700 and 1280x800
  30) tests/e2e/r5d-desks-proof.spec.ts:409:1 › every desk help card fits at 1366x700 and 1280x800 ─

    Test timeout of 400000ms exceeded.

    Error: page.waitForURL: Test timeout of 400000ms exceeded.
    =========================== logs ===========================
    waiting for navigation until "load"
    ============================================================

      35 |   await page.getByTestId('login-password').fill(password)
      36 |   await page.getByTestId('login-submit').click()
    > 37 |   await page.waitForURL((url) => !url.pathname.startsWith('/login'))
         |              ^
      38 | }
      39 |
      40 | async function shot(page: Page, name: string, fullPage = false) {
        at signIn (/workspace/hearts-prototype/tests/e2e/r5d-desks-proof.spec.ts:37:14)
        at /workspace/hearts-prototype/tests/e2e/r5d-desks-proof.spec.ts:410:3

    attachment #1: video (video/webm) ──────────────────────────────────────────────────────────────
    test-results/r5d-desks-proof-every-desk-be366-ts-at-1366x700-and-1280x800/video.webm
    ────────────────────────────────────────────────────────────────────────────────────────────────

    Error Context: test-results/r5d-desks-proof-every-desk-be366-ts-at-1366x700-and-1280x800/error-context.md


  30 failed
    tests/e2e/integration-final.spec.ts:67:1 › a learner joins by code, takes the persona quiz, stays on level, steps up by Learn more, answers an imported pop-up and finds it all again 
    tests/e2e/integration-r3.spec.ts:57:1 › a YouTube Short in the feed: no caption over its burned-in words, Follow at the top, and our own poster 
    tests/e2e/integration-r3.spec.ts:90:1 › the export log shows times in the portal's zone with a short label, in the viewer's language 
    tests/e2e/integration-r3.spec.ts:172:1 › an opened pack spans the main area as at most about 20 door tiles, with no seats until a door opens, then one clean heading per Ghunya seat 
    tests/e2e/journeys.spec.ts:96:3 › HEARTS journeys › master opens a portal, a pack and its codes 
    tests/e2e/library-teach.spec.ts:25:1 › library packs are summaries, and the course picker is the door tree 
    tests/e2e/master-sheet.spec.ts:59:1 › template downloads as xlsx and the seeded library round-trips with no changes 
    tests/e2e/nesting-progress.spec.ts:22:1 › at phone size, short clips stay off the grow page and a full talk in a course moves it 
    tests/e2e/nesting.spec.ts:70:1 › every seeded hors d'oeuvre sits inside its appetiser, and every appetiser inside its full talk 
    tests/e2e/opening.spec.ts:77:3 › the opening › 1. a first visit to the portal lands on the opener, with its caption and both ways in 
    tests/e2e/portal-features.spec.ts:61:1 › the master creator can switch Gather off, and a learner sees no Gather until it is turned back on 
    tests/e2e/r5d-desks-proof.spec.ts:97:1 › r5d desk proof shots ──────────────────────────────────
    tests/e2e/r5d-desks-proof.spec.ts:359:1 › admin and teacher open help tips ─────────────────────
    tests/e2e/r5d-desks-proof.spec.ts:409:1 › every desk help card fits at 1366x700 and 1280x800 ───
    tests/e2e/round2-integration.spec.ts:27:1 › no hoopoe or Hudhud on sign-in, Home, the feed, the garden, Me, the desks or the laptop page 
    tests/e2e/round2-integration.spec.ts:69:1 › desks wear the evening garden: deep teal page and panels, gold buttons 
    tests/e2e/round2-integration.spec.ts:118:1 › the library puts each course on the door its clips carry 
    tests/e2e/round3.spec.ts:52:3 › round 3 API › Bug 1: one account adds at most one trend row a week, whatever nonce it sends 
    tests/e2e/round4.spec.ts:64:3 › round 4 API › N4: the tier record is what learners get for lessons 1 to 3, one clip per talk, and an edit reaches them at once 
    tests/e2e/screenshots.spec.ts:25:1 › a week of use, so the garden has something in it ──────────
    tests/e2e/screenshots.spec.ts:56:1 › learner app at phone size ─────────────────────────────────
    tests/e2e/screenshots.spec.ts:100:1 › portal desk at desktop size ──────────────────────────────
    tests/e2e/screenshots.spec.ts:136:1 › the opening at phone size ────────────────────────────────
    tests/e2e/screenshots.spec.ts:158:1 › view as, from the portal desk ────────────────────────────
    tests/e2e/screenshots.spec.ts:181:1 › circle answers: the desk and the swarm ───────────────────
    tests/e2e/security.spec.ts:9:1 › the create-first-user screen and first-register are closed, and nobody outside can make an admin 
    tests/e2e/sheet-creator.spec.ts:60:1 › the creator drafts a sheet, then a learner completes a task the imam can see 
    tests/e2e/sheet-packs.spec.ts:65:1 › the pack column puts a new course in the pack; without the tick box existing learners are left as they are, and that is logged 
    tests/e2e/typography.spec.ts:27:1 › Typography panel lists the five styles and can stand in for the hors d’oeuvre 
    tests/e2e/view-as.spec.ts:51:3 › view as › 38. a portal admin views as a learner with a reason, read-only by default 
  122 did not run
  70 passed (2.0h)
EXIT:0
END 2026-10-05T04:14:16Z
