Wiped the database (99 tables).
[⣷] Pulling schema from database...
[2K[1G[✓] Pulling schema from database...
[00:50:57] [33mWARN[39m: [36mNo email adapter provided. Email will be written to console. More info at https://payloadcms.com/docs/email/overview.[39m
Harvest: 172 verses and hadith across 31 talks. No quotation found in 5: Gratitude is the Greatest Blessing | Gems from Ibn Ata Illah Ep. 1 | Shaykh Mikaeel Ahmed Smith; How to Manage Your Anger - Amjad Tarsin; Moments of Solitude: Closeness to God | Jummah Khutbah | Imam Khalid Latif | 3.11.2022; On Mosques, Companionship, & Knowledge; Quranic Connection #26: A Cure for Anxiety | Shaykh Suleiman Hani.
Harvest sample: 4 lines kept for Maryam.
Feedback demo: sample answers are on the East London and Leeds desks.
Seeded HEARTS. Master: master@hearts.test / hearts-master
Access codes (also on the master desk, and in data/seed-codes-test.json):
  elm-teacher    ELM-7BRF-RAQJ
  elm-admin      ELM-FEVQ-WRWC
  elm-learner    ELM-844C-M9KE
  elm-parent     ELM-EEA8-BDD8
  leeds-teacher  LEEDS-KBD6-FGMQ
  leeds-learner  LEEDS-GW89-UBBJ

Running 192 tests using 1 worker

(node:17074) Warning: The 'NO_COLOR' env is ignored due to the 'FORCE_COLOR' env being set.
(Use `node --trace-warnings ...` to show where the warning was created)


(node:17074) Warning: The 'NO_COLOR' env is ignored due to the 'FORCE_COLOR' env being set.
(Use `node --trace-warnings ...` to show where the warning was created)


[1/192] tests/e2e/compass.spec.ts:14:1 › a learner cannot fetch their own scores from any compass API
tests/e2e/compass.spec.ts:14:1 › a learner cannot fetch their own scores from any compass API
(node:17087) Warning: The 'NO_COLOR' env is ignored due to the 'FORCE_COLOR' env being set.
(Use `node --trace-warnings ...` to show where the warning was created)


(node:17101) Warning: The 'NO_COLOR' env is ignored due to the 'FORCE_COLOR' env being set.
(Use `node --trace-warnings ...` to show where the warning was created)


(node:17112) Warning: The 'NO_COLOR' env is ignored due to the 'FORCE_COLOR' env being set.
(Use `node --trace-warnings ...` to show where the warning was created)


[⣷] Pulling schema from database...


[✓] Pulling schema from database...


[00:51:23] WARN: No email adapter provided. Email will be written to console. More info at https://payloadcms.com/docs/email/overview.


Created portal hearts-demo.


Compass demo is in place on hearts-demo. New accounts use compass-demo. Existing accounts keep their password.


[2/192] tests/e2e/compass.spec.ts:37:1 › the monthly look is five questions and a life check-in
[3/192] tests/e2e/compass.spec.ts:95:1 › an imam sees the charts, the cohort, and why a talk was chosen
[4/192] tests/e2e/doors.spec.ts:50:1 › the 20 doors are seeded with their sections, titles and clauses
[5/192] tests/e2e/doors.spec.ts:60:1 › a learner sees the 20 doors with their titles and never a clause number
[6/192] tests/e2e/doors.spec.ts:99:1 › every learner screen that shows the spine speaks in doors
[7/192] tests/e2e/doors.spec.ts:120:1 › the feed walks the spine door by door and the lanes push talks by door
[8/192] tests/e2e/doors.spec.ts:151:1 › the desk shows the door first and keeps the clause beside it
[9/192] tests/e2e/doors.spec.ts:167:1 › the sheet exports the door beside the clause, takes a door in place of a clause, and undo puts it back
[10/192] tests/e2e/feed-evening.spec.ts:122:1 › question cards are the evening garden: teal gradient over a blurred courtyard, parchment words, a gold Continue, and the video Follow row
[11/192] tests/e2e/feed-evening.spec.ts:166:1 › a question-card swipe and a scenic-card swipe never show a bare side or a blank pill
[12/192] tests/e2e/feed-evening.spec.ts:197:1 › words in the picture: YouTube captions are dropped, our caption hides, and the speaker and Follow leave the lower quarter
[13/192] tests/e2e/feed-evening.spec.ts:233:1 › the extended cut opens on our own poster with the talk title, never a titled YouTube thumbnail
[14/192] tests/e2e/feed-levels.spec.ts:47:1 › swipes keep to the level being watched, and Learn more goes to the watched item’s own parent
[15/192] tests/e2e/feed-polish.spec.ts:62:1 › one Tap for sound on the first clip and on the appetiser; the question card’s chrome reads at AA
[16/192] tests/e2e/feed-polish.spec.ts:86:1 › every scenic card in the feed keeps its words inside the card, never shifts the screen, and offers Mute only with audio
[17/192] tests/e2e/feed-polish.spec.ts:147:1 › harvest lines are whole sentences, and Home, Garden and Harvest show the same counts
[18/192] tests/e2e/feed-polish.spec.ts:174:1 › the portal desk names the portal, never its slug, in the sidebar and on a narrow screen
[19/192] tests/e2e/feed-polish.spec.ts:191:1 › until a clip actually plays, our poster and a gold play button cover the player, never YouTube’s own
[20/192] tests/e2e/feed-touch.spec.ts:74:1 › touch swipes left and right move the feed, on a talk clip, on a card, and in the appetiser loop
[21/192] tests/e2e/feed-touch.spec.ts:109:1 › a question card swipes by touch: the card follows the finger, then the next item comes in from the right
[22/192] tests/e2e/feedback.spec.ts:79:3 › Feedback for teachers › anonymised export, private answers left out, and a draft question check
[23/192] tests/e2e/feedback.spec.ts:191:3 › Feedback for teachers › a teacher can open feedback, a learner cannot, and Leeds cannot read East London
[24/192] tests/e2e/gather.spec.ts:43:1 › RSVP, waitlist promotion, public page, calendar, QR check-in and activation
[WebServer] (node:16861) MaxListenersExceededWarning: Possible EventEmitter memory leak detected. 11 exit listeners added to [process]. MaxListeners is 10. Use emitter.setMaxListeners() to increase limit
[WebServer] (Use `node --trace-warnings ...` to show where the warning was created)

[25/192] tests/e2e/harvest-lines.spec.ts:22:1 › the seeded lines group and filter by the 20 doors and by speaker, cite only real words, and open their context
[26/192] tests/e2e/harvest-lines.spec.ts:65:1 › a fresh learner sees the sample, then a short clip keeps a real line and parts watched stays at 0
[27/192] tests/e2e/harvest.spec.ts:69:3 › harvest › finishing a talk fills Harvest with what was said, verses placed only when the match is sure
[28/192] tests/e2e/harvest.spec.ts:84:3 › harvest › the Garden counts the new harvest; the cards are verbatim, Arabic above the translation, and the new marker clears once seen
[29/192] tests/e2e/harvest.spec.ts:125:3 › harvest › filters and grouping
[30/192] tests/e2e/harvest.spec.ts:149:3 › harvest › a seeded learner’s harvest groups under the doors of the hadith of Jibril
[31/192] tests/e2e/harvest.spec.ts:157:3 › harvest › a card replays its talk from a few seconds before the quote
[32/192] tests/e2e/harvest.spec.ts:168:3 › harvest › See it in context shows the ayah among its neighbours, and the named hadith in full
[33/192] tests/e2e/harvest.spec.ts:191:3 › harvest › What do the scholars say offers a labelled summary or the tafsir itself, each source titled
[34/192] tests/e2e/harvest.spec.ts:214:3 › harvest › the harvest is the learner’s own: another portal cannot view it and the records are master-only
[WebServer] ReferenceError: audit is not defined
[WebServer]     at startViewAs (src/server/viewas.ts:178:4)
[WebServer]     at async POST (src/app/(frontend)/api/view-as/[action]/route.ts:62:19)
[WebServer]   176 |   const portal = actor.role === 'master' ? portalIdOf(target) : portalIdOf(actor)
[WebServer]   177 |   if (refused) {
[WebServer] > 178 |     await audit(payload, 'view_as.denied', { actor: actor.id, actorRole: actor.role, target: target?.id, targetRole: target?.role, portal: portal || undefined, reason, ipHash: hashIp(input.ip), detail: { attemptedTarget: input.targetId, why: refused } })
[WebServer]       |    ^
[WebServer]   179 |     return { status: 403, error: refused }
[WebServer]   180 |   }
[WebServer]   181 |   const live = await payload.find({ collection: 'view-as-sessions', overrideAccess: true, depth: 0, limit: 10, where: { and: [{ actor: { equals: actor.id } }, { endedAt: { exists: false } }] }, showHiddenFields: true })

[WebServer] {"time":"2026-10-05T00:54:41.729Z","level":"error","event":"request","message":"audit is not defined","stack":"ReferenceError: audit is not defined\n    at startViewAs (webpack-internal:///(rsc)/./src/server/viewas.ts:240:9)\n    at process.processTicksAndRejections (node:internal/process/task_queues:105:5)\n    at async POST (webpack-internal:///(rsc)/./src/app/(frontend)/api/view-as/[action]/route.ts:105:24)\n    at async AppRouteRouteModule.do (/workspace/hearts-prototype/node_modules/next/dist/compiled/next-server/app-route.runtime.dev.js:5:38782)\n    at async AppRouteRouteModule.handle (/workspace/hearts-prototype/node_modules/next/dist/compiled/next-server/app-route.runtime.dev.js:5:45984)\n    at async responseGenerator (webpack-internal:///(rsc)/./node_modules/next/dist/build/webpack/loaders/next-app-loader/index.js?name=app%2F(frontend)%2Fapi%2Fview-as%2F%5Baction%5D%2Froute&page=%2F(frontend)%2Fapi%2Fview-as%2F%5Baction%5D%2Froute&appPaths=&pagePath=private-next-app-dir%2F(frontend)%2Fapi%2Fview-as%2F%5Baction%5D%2Froute.ts&appDir=%2Fworkspace%2Fhearts-prototype%2Fsrc%2Fapp&pageExtensions=tsx&pageExtensions=ts&pageExtensions=jsx&pageExtensions=js&rootDir=%2Fworkspace%2Fhearts-prototype&isDev=true&tsconfigPath=tsconfig.json&basePath=&assetPrefix=&nextConfigOutput=&preferredRegion=&middlewareConfig=e30%3D&isGlobalNotFoundEnabled=!:206:38)\n    at async AppRouteRouteModule.handleResponse (/workspace/hearts-prototype/node_modules/next/dist/compiled/next-server/app-route.runtime.dev.js:1:183692)\n    at async handleResponse (webpack-internal:///(rsc)/./node_modules/next/dist/build/webpack/loaders/next-app-loader/index.js?name=app%2F(frontend)%2Fapi%2Fview-as%2F%5Baction%5D%2Froute&page=%2F(frontend)%2Fapi%2Fview-as%2F%5Baction%5D%2Froute&appPaths=&pagePath=private-next-app-dir%2F(frontend)%2Fapi%2Fview-as%2F%5Baction%5D%2Froute.ts&appDir=%2Fworkspace%2Fhearts-prototype%2Fsrc%2Fapp&pageExtensions=tsx&pageExtensions=ts&pageExtensions=jsx&pageExtensions=js&rootDir=%2Fworkspace%2Fhearts-prototype&isDev=true&tsconfigPath=tsconfig.json&basePath=&assetPrefix=&nextConfigOutput=&preferredRegion=&middlewareConfig=e30%3D&isGlobalNotFoundEnabled=!:268:32)\n    at async handler (webpack-internal:///(rsc)/./node_modules/next/dist/build/webpack/loaders/next-app-loader/index.js?name=app%2F(frontend)%2Fapi%2Fview-as%2F%5Baction%5D%2Froute&page=%2F(frontend)%2Fapi%2Fview-as%2F%5Baction%5D%2Froute&appPaths=&pagePath=private-next-app-dir%2F(frontend)%2Fapi%2Fview-as%2F%5Baction%5D%2Froute.ts&appDir=%2Fworkspace%2Fhearts-prototype%2Fsrc%2Fapp&pageExtensions=tsx&pageExtensions=ts&pageExtensions=jsx&pageExtensions=js&rootDir=%2Fworkspace%2Fhearts-prototype&isDev=true&tsconfigPath=tsconfig.json&basePath=&assetPrefix=&nextConfigOutput=&preferredRegion=&middlewareConfig=e30%3D&isGlobalNotFoundEnabled=!:320:13)\n    at async doRender (/workspace/hearts-prototype/node_modules/next/dist/server/base-server.js:1592:34)\n    at async DevServer.renderToResponseWithComponentsImpl (/workspace/hearts-prototype/node_modules/next/dist/server/base-server.js:1934:13)\n    at async DevServer.renderPageComponent (/workspace/hearts-prototype/node_modules/next/dist/server/base-server.js:2400:24)\n    at async DevServer.renderToResponseImpl (/workspace/hearts-prototype/node_modules/next/dist/server/base-server.js:2440:32)\n    at async DevServer.pipeImpl (/workspace/hearts-prototype/node_modules/next/dist/server/base-server.js:1035:25)\n    at async NextNodeServer.handleCatchallRenderRequest (/workspace/hearts-prototype/node_modules/next/dist/server/next-server.js:393:17)\n    at async DevServer.handleRequestImpl (/workspace/hearts-prototype/node_modules/next/dist/server/base-server.js:925:17)\n    at async /workspace/hearts-prototype/node_modules/next/dist/server/dev/next-dev-server.js:398:20\n    at async Span.traceAsyncFn (/workspace/hearts-prototype/node_modules/next/dist/trace/trace.js:157:20)\n    at async DevServer.handleRequest (/workspace/hearts-prototype/node_modules/next/dist/server/dev/next-dev-server.js:394:24)\n    at async invokeRender (/workspace/hearts-prototype/node_modules/next/dist/server/lib/router-server.js:239:21)\n    at async handleRequest (/workspace/hearts-prototype/node_modules/next/dist/server/lib/router-server.js:436:24)\n    at async requestHandlerImpl (/workspace/hearts-prototype/node_modules/next/dist/server/lib/router-server.js:464:13)\n    at async Server.requestListener (/workspace/hearts-prototype/node_modules/next/dist/server/lib/start-server.js:218:13)","path":"/api/view-as/start","method":"POST","router":"App Router","route":"/api/view-as/[action]","type":"route"}

[35/192] tests/e2e/integration-final.spec.ts:67:1 › a learner joins by code, takes the persona quiz, stays on level, steps up by Learn more, answers an imported pop-up and finds it all again
[36/192] tests/e2e/integration-final.spec.ts:203:1 › a portal admin walks the short setup and lands back on the overview
[37/192] tests/e2e/integration-r3.spec.ts:15:1 › Me loads with no console errors and keeps the evening palette when the phone is not on UTC
[38/192] tests/e2e/integration-r3.spec.ts:38:3 › the desk sidebar keeps the learner app link, the name and Sign out in view at 1440x900
[39/192] tests/e2e/integration-r3.spec.ts:38:3 › the desk sidebar keeps the learner app link, the name and Sign out in view at 1280x720
[40/192] tests/e2e/integration-r3.spec.ts:57:1 › a YouTube Short in the feed: no caption over its burned-in words, Follow at the top, and our own poster
[41/192] tests/e2e/integration-r3.spec.ts:90:1 › the export log shows times in the portal's zone with a short label, in the viewer's language
[42/192] tests/e2e/integration-r3.spec.ts:128:1 › small fixes: favicon, Teach emails end in an ellipsis, and the install card does not push Home down
[43/192] tests/e2e/integration-r3.spec.ts:172:1 › an opened pack spans the main area as at most about 20 door tiles, with no seats until a door opens, then one clean heading per Ghunya seat
[44/192] tests/e2e/journeys.spec.ts:88:3 › HEARTS journeys › an empty sign-in is refused
[45/192] tests/e2e/journeys.spec.ts:96:3 › HEARTS journeys › master opens a portal, a pack and its codes
[46/192] tests/e2e/journeys.spec.ts:120:3 › HEARTS journeys › admin builds a course, extracts and approves a cut with its clause and seat, and places questions
[47/192] tests/e2e/journeys.spec.ts:192:3 › HEARTS journeys › the approved cut reaches the learner feed; placing answers choose the first course
[48/192] tests/e2e/journeys.spec.ts:216:3 › HEARTS journeys › learner answers, meets the contingent question, and the test clock opens it
[WebServer]  ⨯ ./src/server/viewas.ts
[WebServer] Module parse failed: Duplicate export 'audit' (30:9)
[WebServer] |     return createHash('sha256').update(`${process.env.PAYLOAD_SECRET || 'hearts'}:${ip}`).digest('hex').slice(0, 16);
[WebServer] | }
[WebServer] > export { audit } from './audit';
[WebServer] | /** The table in spec 6A. Returns null when allowed, or the reason it is not. */ export function refusal(actor, target) {
[WebServer] |     if (!target) return 'There is nobody with that id.';
[WebServer] 
[WebServer] Import trace for requested module:
[WebServer] ./src/server/viewas.ts
[WebServer] ./src/server/context.ts
[WebServer] ./src/app/(frontend)/api/hearts/route.ts

[49/192] tests/e2e/journeys.spec.ts:273:3 › HEARTS journeys › a second learner sees the shared answer, and a private answer stays private
[50/192] tests/e2e/journeys.spec.ts:293:3 › HEARTS journeys › teacher replies to a shared workbook entry and the learner is told
[51/192] tests/e2e/journeys.spec.ts:314:3 › HEARTS journeys › the schedule splitter shares three parts across Wednesdays and Fridays
[52/192] tests/e2e/journeys.spec.ts:332:3 › HEARTS journeys › RSVP gives an earned or held ticket, self check-in for earned, staff check-in for held
[53/192] tests/e2e/journeys.spec.ts:358:3 › HEARTS journeys › rooms stay apart, including forged ids and the raw API
[54/192] tests/e2e/journeys.spec.ts:394:3 › HEARTS journeys › a learner on an admin address is sent back, and a closed portal shows the closed page
[55/192] tests/e2e/journeys.spec.ts:417:3 › HEARTS journeys › feed swipes stay on one level, and learn more steps to that clip’s own parent
[56/192] tests/e2e/journeys.spec.ts:470:3 › HEARTS journeys › the main screens load without console errors
[57/192] tests/e2e/library-teach.spec.ts:25:1 › library packs are summaries, and the course picker is the door tree
[58/192] tests/e2e/library-teach.spec.ts:83:1 › demo learners show varied on-time fractions on Teach
tests/e2e/library-teach.spec.ts:83:1 › demo learners show varied on-time fractions on Teach

> hearts-prototype@1.0.0 demo:timed-learners
> tsx src/seed/timed-learners.ts



(node:19629) Warning: The 'NO_COLOR' env is ignored due to the 'FORCE_COLOR' env being set.
(Use `node --trace-warnings ...` to show where the warning was created)


(node:19640) Warning: The 'NO_COLOR' env is ignored due to the 'FORCE_COLOR' env being set.
(Use `node --trace-warnings ...` to show where the warning was created)


[⣷] Pulling schema from database...


[✓] Pulling schema from database...


[00:58:29] WARN: No email adapter provided. Email will be written to console. More info at https://payloadcms.com/docs/email/overview.


Demo portal /p/hearts-demo is ready. Sign in as demo-admin@hearts-demo.test / demo-timed
  Layla Rahman (demo): 7 parts watched, 4 answers
  Yusuf Karim (demo): 3 parts watched, 1 answers
  Amina Shah (demo): 9 parts watched, 6 answers
  Hassan Malik (demo): 5 parts watched, 5 answers


[59/192] tests/e2e/library-teach.spec.ts:107:1 › the workbook empty state is the arch and a sentence, with no bird art
[60/192] tests/e2e/master-sheet.spec.ts:59:1 › template downloads as xlsx and the seeded library round-trips with no changes
[61/192] tests/e2e/master-sheet.spec.ts:85:1 › a dry run names every bad cell and does not save the rows
[62/192] tests/e2e/master-sheet.spec.ts:121:1 › applying an ai draft keeps it off the learner page until a person approves it, and undo puts the import back
[63/192] tests/e2e/master-sheet.spec.ts:178:1 › a portal admin can only import into courses made in their own portal
[64/192] tests/e2e/master-sheet.spec.ts:212:1 › five hundred rows are previewed through the import route
[65/192] tests/e2e/master-sheet.spec.ts:235:1 › the desk shows the error preview, the applied import and the export
[66/192] tests/e2e/nesting-progress.spec.ts:22:1 › at phone size, short clips stay off the grow page and a full talk in a course moves it
[67/192] tests/e2e/nesting.spec.ts:70:1 › every seeded hors d'oeuvre sits inside its appetiser, and every appetiser inside its full talk
[68/192] tests/e2e/nesting.spec.ts:94:1 › a tier whose hors d'oeuvre leaves the appetiser is refused
[69/192] tests/e2e/nesting.spec.ts:107:1 › browsing answers and short watching never move the course, the Garden or time given
[70/192] tests/e2e/nesting.spec.ts:135:1 › the course page sends only the seconds played there, so opening near the end counts nothing
[71/192] tests/e2e/nesting.spec.ts:148:1 › answering in the course and watching the full talk there do count
[72/192] tests/e2e/nesting.spec.ts:169:1 › swipes stay on the level being watched, and "Learn more" goes to the parent of that same item
[73/192] tests/e2e/opening.spec.ts:77:3 › the opening › 1. a first visit to the portal lands on the opener, with its caption and both ways in
[74/192] tests/e2e/opening.spec.ts:86:3 › the opening › 2. nothing from YouTube loads before the learner chooses a way in (P12)
[75/192] tests/e2e/opening.spec.ts:93:3 › the opening › 3. Let us play opens scene one, and the address follows the scene
[76/192] tests/e2e/opening.spec.ts:100:3 › the opening › 4. a tap shows its reply line, then the next scene rises
[77/192] tests/e2e/opening.spec.ts:109:3 › the opening › 5. Pass moves on without a tap and is kept as a pass
[78/192] tests/e2e/opening.spec.ts:118:3 › the opening › 6. going back replaces the earlier tap instead of adding one
[79/192] tests/e2e/opening.spec.ts:131:3 › the opening › 7. the crisis option opens the help screen with contacts, and Back to HEARTS returns to the opener
[80/192] tests/e2e/opening.spec.ts:145:3 › the opening › 8. the help screen has its own address and works on a cold load
[81/192] tests/e2e/opening.spec.ts:151:3 › the opening › 9. six taps hand off with the line, then the feed, at /feed
[82/192] tests/e2e/opening.spec.ts:161:3 › the opening › 10. Back from the feed does not reopen the scenes
[83/192] tests/e2e/opening.spec.ts:169:3 › the opening › 11. the taps stay on the device: no request carries them before sign-up (P1)
[84/192] tests/e2e/opening.spec.ts:182:3 › the opening › 12. before sign-up the feed is chosen on the device, so no request carries lane scores (P2)
[85/192] tests/e2e/opening.spec.ts:196:3 › the opening › 13. Just show me something goes straight to a clip with its own line
[86/192] tests/e2e/opening.spec.ts:203:3 › the opening › 14. after the opening, the portal address opens the feed on the next visit
[87/192] tests/e2e/opening.spec.ts:210:3 › the opening › 15. the sky lightens scene by scene and is full at the feed
[88/192] tests/e2e/opening.spec.ts:219:3 › the opening › 16. a heart on a clip asks to keep the place, and Not now carries on
[89/192] tests/e2e/opening.spec.ts:228:3 › the opening › 17. signing up from the sheet sends the opening once, and the workbook shows where you started
[90/192] tests/e2e/opening.spec.ts:249:3 › the opening › 18. a private opening answer is never shown to the teacher (P9)
[91/192] tests/e2e/opening.spec.ts:262:3 › the opening › 19. the owner sees all six rows, private ones with a lock
[92/192] tests/e2e/opening.spec.ts:268:3 › the opening › 20. the mentor CSV holds shared rows only
[93/192] tests/e2e/opening.spec.ts:278:3 › the opening › 21. turning off Share my opening answers hides them from the teacher
[94/192] tests/e2e/opening.spec.ts:305:3 › the opening › 22. the Me tab lets the learner change their name
[95/192] tests/e2e/opening.spec.ts:317:3 › the opening › 23. Guarding the gaze is opt-in and kept on the device only
[96/192] tests/e2e/opening.spec.ts:328:3 › the opening › 24. Start again clears the opening here and on the server, and opens the opener
[97/192] tests/e2e/opening.spec.ts:347:3 › the opening › 25. reduced motion keeps every step, with fades in place of movement
[98/192] tests/e2e/opening.spec.ts:361:3 › pop-up questions in a lesson › 26. the question strip shows one mark per question
[99/192] tests/e2e/opening.spec.ts:369:3 › pop-up questions in a lesson › 27. playback stops at a question, the answer saves, and playback carries on
[100/192] tests/e2e/opening.spec.ts:391:3 › pop-up questions in a lesson › 28. Answer later closes the card and keeps the question open
[101/192] tests/e2e/opening.spec.ts:405:3 › pop-up questions in a lesson › 29a. a clip the player refuses is reported, and a report alone never hides it
[102/192] tests/e2e/opening.spec.ts:417:3 › pop-up questions in a lesson › 29. the strict layout keeps the paused player in view above the card
[103/192] tests/e2e/opening.spec.ts:442:3 › the desks for the opening › 30. the master sees the six scenes, their options and the publish checks
[104/192] tests/e2e/opening.spec.ts:449:3 › the desks for the opening › 31. publishing a caption with a kill-list word is refused
[105/192] tests/e2e/opening.spec.ts:461:3 › the desks for the opening › 32. the simulator runs the phone’s routing on picked taps
[106/192] tests/e2e/opening.spec.ts:473:3 › the desks for the opening › 33. the lanes screen lists every lane and the tag queue
[107/192] tests/e2e/opening.spec.ts:479:3 › the desks for the opening › 34. trends stay hidden until ten people have taken part
[108/192] tests/e2e/opening.spec.ts:485:3 › the desks for the opening › 35. a portal admin rewords a scene for their community and the opener shows it
[109/192] tests/e2e/opening.spec.ts:501:3 › the desks for the opening › 36. the scene with the help option cannot be left out
[110/192] tests/e2e/opening.spec.ts:508:3 › the desks for the opening › 37. a portal admin adds a help contact and the help screen lists it
[111/192] tests/e2e/opening.spec.ts:523:3 › the desks for the opening › 38. persona bands are distinct, including anger and greed
[112/192] tests/e2e/opening.spec.ts:540:3 › the desks for the opening › 39. the master edits a scale and a nudge, and a portal admin cannot see the bands
[113/192] tests/e2e/opening.spec.ts:584:3 › the desks for the opening › 40. a learner sees a gentle path and the API carries no raw scores
[114/192] tests/e2e/opening.spec.ts:613:3 › the desks for the opening › 41. an imam sees the signed scale over time and the talks watched between looks
[115/192] tests/e2e/opening.spec.ts:657:3 › the desks for the opening › 42. a month later the home card opens different words and a life check
[116/192] tests/e2e/portal-features.spec.ts:61:1 › the master creator can switch Gather off, and a learner sees no Gather until it is turned back on
[117/192] tests/e2e/round2-integration.spec.ts:27:1 › no hoopoe or Hudhud on sign-in, Home, the feed, the garden, Me, the desks or the laptop page
[118/192] tests/e2e/round2-integration.spec.ts:69:1 › desks wear the evening garden: deep teal page and panels, gold buttons
  1) tests/e2e/round2-integration.spec.ts:69:1 › desks wear the evening garden: deep teal page and panels, gold buttons 

    Error: the learners table fits its card at 1440

    expect(received).toBeLessThanOrEqual(expected)

    Expected: <= 1
    Received:    94

      112 |     return { scroll: wrap.scrollWidth - wrap.clientWidth, past: Math.max(...[...wrap.querySelectorAll('td')].map((cell) => cell.getBoundingClientRect().right - edge)) }
      113 |   })
    > 114 |   expect(spill.scroll, 'the learners table fits its card at 1440').toBeLessThanOrEqual(1)
          |                                                                    ^
      115 |   expect(spill.past).toBeLessThanOrEqual(1)
      116 | })
      117 |
        at /workspace/hearts-prototype/tests/e2e/round2-integration.spec.ts:114:68

    Error Context: test-results/round2-integration-desks-w-5b520-age-and-panels-gold-buttons/error-context.md


(node:21730) Warning: The 'NO_COLOR' env is ignored due to the 'FORCE_COLOR' env being set.
(Use `node --trace-warnings ...` to show where the warning was created)


(node:21730) Warning: The 'NO_COLOR' env is ignored due to the 'FORCE_COLOR' env being set.
(Use `node --trace-warnings ...` to show where the warning was created)


[119/192] tests/e2e/round2-integration.spec.ts:118:1 › the library puts each course on the door its clips carry
[120/192] tests/e2e/round3.spec.ts:52:3 › round 3 API › Bug 1: one account adds at most one trend row a week, whatever nonce it sends
[121/192] tests/e2e/round3.spec.ts:75:3 › round 3 API › Bug 2: codes have expiry, max uses and a switch; a one-use code refuses a second person; guessing is throttled; seed codes are random
[122/192] tests/e2e/round3.spec.ts:108:3 › round 3 API › Bug 3: a portal admin cannot get round the opening rules over REST, and cannot move the setup to another portal
[123/192] tests/e2e/round3.spec.ts:125:3 › round 3 API › Bug 4: a heart-state row is always the signed-in person, and only with Keep my place on
[124/192] tests/e2e/round3.spec.ts:140:3 › round 3 API › Bug 6: a private answer is read by its owner only, not the teacher, the admin or the master
[125/192] tests/e2e/round3.spec.ts:155:3 › round 3 API › Bug 7: nothing is written while viewing as someone, globals and new portals included
[126/192] tests/e2e/round3.spec.ts:168:3 › round 3 API › Bug 8: joining is refused and audited while viewing as someone, even with changes allowed
[127/192] tests/e2e/round3.spec.ts:183:3 › round 3 API › Bug 9: only the master moves the test clock, and signed-out reads of it are refused
[128/192] tests/e2e/round3.spec.ts:193:3 › round 3 API › Bug 11: a portal hides at most two scenes and never the one with the help option
[129/192] tests/e2e/round3.spec.ts:208:3 › round 3 API › Bug 12: reserved portal addresses are refused by the form and by REST
[130/192] tests/e2e/round3.spec.ts:216:3 › round 3 API › Bug 13: help contacts take tel and https only, and the help screen shows plain text
[131/192] tests/e2e/round3.spec.ts:228:3 › round 3 API › Bug 15: Al-Nur plays the full class and the seed holds every timing inside its talk
[132/192] tests/e2e/round3.spec.ts:237:3 › round 3 API › Bug 21: plans are capped at a year, take a season name, and say 1 sitting
[133/192] tests/e2e/round3.spec.ts:248:3 › round 3 API › Bug 24: master flags are not readable signed out; unplayable reports need sign-in and are rate-limited
[134/192] tests/e2e/round3.spec.ts:260:3 › round 3 API › Bug 25: leaving view-as goes back to a path on this site, never localhost
[135/192] tests/e2e/round3.spec.ts:272:3 › round 3 API › Bug 26: a view-as reason, and a reason to allow changes, need at least 10 characters
[136/192] tests/e2e/round3.spec.ts:285:3 › round 3 screens › Bug 5: nothing tap-derived leaves the device before sign-up, and the feed API refuses strangers
[137/192] tests/e2e/round3.spec.ts:300:3 › round 3 screens › Bug 14: the 14-day chart bars have width
[138/192] tests/e2e/round3.spec.ts:310:3 › round 3 screens › Bug 16: a reload in the middle of the opening keeps the taps and the scene
[139/192] tests/e2e/round3.spec.ts:324:3 › round 3 screens › Bug 17: a double tap moves one scene and adds one history entry
[140/192] tests/e2e/round3.spec.ts:343:3 › round 3 screens › Bug 18: a narrow screen gets a laptop note instead of the desk
[141/192] tests/e2e/round3.spec.ts:354:3 › round 3 screens › Bug 19: the question sheet never covers the film, in either layout
[142/192] tests/e2e/round3.spec.ts:383:3 › round 3 screens › Bug 22: a brand-new portal can choose courses from the central library
[143/192] tests/e2e/round3.spec.ts:403:3 › round 3 screens › Bug 23: Home Continue rows put the title and the speaker line on separate lines
[144/192] tests/e2e/round3.spec.ts:413:3 › round 3 screens › Bug 27: What others said stays hidden until the learner opts in
[145/192] tests/e2e/round3.spec.ts:428:3 › round 3 screens › Bug 28: no hydration warnings on the desks
[146/192] tests/e2e/round3.spec.ts:450:3 › round 3 screens › Section T: the appetiser offers the main from 0:00 and a resume link at its out point; drafts stay off the learner side
[147/192] tests/e2e/round3.spec.ts:496:3 › round 3 screens › Section T: the master checks a talk in the tier editor and publishes a pop-up
[148/192] tests/e2e/round4.spec.ts:64:3 › round 4 API › N4: the tier record is what learners get for lessons 1 to 3, one clip per talk, and an edit reaches them at once
[149/192] tests/e2e/round4.spec.ts:86:3 › round 4 API › LOW: lesson 1 plays its video, not slides
[150/192] tests/e2e/round4.spec.ts:93:3 › round 4 API › K1: pop-up questions and tier lines refuse spaced letters, stretched spellings, quizlet, rating and markup
[151/192] tests/e2e/round4.spec.ts:105:3 › round 4 API › N2: a portal admin sets any use limit on an admin code, including none; it grants admin in their own portal only, can be switched off, and shows who joined
[152/192] tests/e2e/round4.spec.ts:148:3 › round 4 API › N1: 210 failures from rotating addresses never block a valid code; one address is limited by its own failures, whatever it writes on the left
[153/192] tests/e2e/round4.spec.ts:171:3 › round 4 API › N3: a contribution counts only from an account that has finished a video and is at least a day old
[154/192] tests/e2e/round4.spec.ts:194:3 › round 4 API › D1: show unchecked talks is a master flag; off, learners get approved talks only; review approves and rejects
[155/192] tests/e2e/round4.spec.ts:216:3 › round 4 screens › L1: each lane card opens that lane’s own feed, starting on its first clip
[156/192] tests/e2e/round4.spec.ts:238:3 › round 4 screens › LOW: a speaker’s Watch intro plays the tier’s appetiser and stops at its out point
[157/192] tests/e2e/round4.spec.ts:256:3 › round 4 screens › A1 and A2: at 390 by 844 the appetiser plays its clip with nothing overlapping, and no transcript over the picture
[158/192] tests/e2e/round4.spec.ts:294:3 › round 4 screens › G1: the Garden rings are readable and Your path is styled with one number per lesson
[159/192] tests/e2e/round4.spec.ts:316:3 › round 4 screens › LOW: each Still open row in the workbook keeps the question and the talk on separate lines
[160/192] tests/e2e/round4.spec.ts:333:3 › round 4 screens › E1: at 1440 the tier editor labels, number boxes, sliders, headings and note do not overlap
[161/192] tests/e2e/round4.spec.ts:356:3 › round 4 screens › D1: the review screen plays both tiers, shows hook, turn and land, and takes keyboard shortcuts
[162/192] tests/e2e/round4.spec.ts:388:3 › round 4 screens › LOW: a question paused over the film fades YouTube’s pause panel under a soft scrim
[163/192] tests/e2e/screenshots.spec.ts:25:1 › a week of use, so the garden has something in it
  2) tests/e2e/screenshots.spec.ts:25:1 › a week of use, so the garden has something in it ─────────

    Test timeout of 300000ms exceeded.

    Error: locator.check: Test timeout of 300000ms exceeded.
    Call log:
      - waiting for getByTestId('answer-share')


      38 |   await page.getByTestId('answer-text').fill('Sending salawat after Fajr, before I pick up my phone.')
      39 |   await page.getByTestId('answer-private').uncheck()
    > 40 |   await page.getByTestId('answer-share').check()
         |                                          ^
      41 |   await page.getByTestId('answer-submit').click()
      42 |   await expect(page.getByTestId('notice')).toBeVisible()
      43 |   await page.goto('/p/east-london/garden/jibril/10')
        at /workspace/hearts-prototype/tests/e2e/screenshots.spec.ts:40:42

    Error Context: test-results/screenshots-a-week-of-use-so-the-garden-has-something-in-it/error-context.md


(node:22940) Warning: The 'NO_COLOR' env is ignored due to the 'FORCE_COLOR' env being set.
(Use `node --trace-warnings ...` to show where the warning was created)


(node:22940) Warning: The 'NO_COLOR' env is ignored due to the 'FORCE_COLOR' env being set.
(Use `node --trace-warnings ...` to show where the warning was created)


[164/192] tests/e2e/screenshots.spec.ts:56:1 › learner app at phone size
[165/192] tests/e2e/screenshots.spec.ts:100:1 › portal desk at desktop size
[166/192] tests/e2e/screenshots.spec.ts:136:1 › the opening at phone size
[167/192] tests/e2e/screenshots.spec.ts:158:1 › view as, from the portal desk
[168/192] tests/e2e/screenshots.spec.ts:174:1 › door, sign-in and join
[169/192] tests/e2e/screenshots.spec.ts:181:1 › circle answers: the desk and the swarm
[170/192] tests/e2e/security.spec.ts:9:1 › the create-first-user screen and first-register are closed, and nobody outside can make an admin
[171/192] tests/e2e/sheet-creator.spec.ts:60:1 › the creator drafts a sheet, then a learner completes a task the imam can see
[172/192] tests/e2e/sheet-creator.spec.ts:168:1 › a portal admin searches for their own course and cannot draft the master library
[173/192] tests/e2e/sheet-packs.spec.ts:65:1 › the pack column puts a new course in the pack; without the tick box existing learners are left as they are, and that is logged
[174/192] tests/e2e/sheet-packs.spec.ts:84:1 › the preview offers the pack choice with the push tick box off by default
[175/192] tests/e2e/sheet-packs.spec.ts:99:1 › choosing a pack for new courses and ticking push gives them to learners who already hold the pack; undo takes both back out
[176/192] tests/e2e/sheet-packs.spec.ts:126:1 › a portal admin cannot name a master pack or another portal’s pack
[177/192] tests/e2e/typography.spec.ts:27:1 › Typography panel lists the five styles and can stand in for the hors d’oeuvre
[178/192] tests/e2e/view-as.spec.ts:51:3 › view as › 38. a portal admin views as a learner with a reason, read-only by default
[179/192] tests/e2e/view-as.spec.ts:58:3 › view as › 39. a view without a reason is refused
[180/192] tests/e2e/view-as.spec.ts:68:3 › view as › 40. while read-only, answers and settings are refused and logged
[181/192] tests/e2e/view-as.spec.ts:78:3 › view as › 41. the learner’s private opening answers are not shown in view-as
[182/192] tests/e2e/view-as.spec.ts:87:3 › view as › 42. the viewer’s own device state is left alone, and the view’s keys are wiped on exit
[183/192] tests/e2e/view-as.spec.ts:108:3 › view as › 43. Exit returns to where the view started and ends the session
[184/192] tests/e2e/view-as.spec.ts:118:3 › view as › 44. a teacher has no View as, and the server refuses one
[185/192] tests/e2e/view-as.spec.ts:126:3 › view as › 45. a portal admin cannot view as a learner in another portal
[186/192] tests/e2e/view-as.spec.ts:133:3 › view as › 46. the master views as a portal admin, but never as another master
[187/192] tests/e2e/view-as.spec.ts:147:3 › view as › 47. start and stop are written to the audit log with the reason
[188/192] tests/e2e/view-as.spec.ts:156:3 › view as › 48. allowing changes needs a reason, and then a change goes through and is logged
[189/192] tests/e2e/view-as.spec.ts:174:3 › view as › 49. some things stay closed even with changes allowed: the opening and Start again
(node:24439) Warning: The 'NO_COLOR' env is ignored due to the 'FORCE_COLOR' env being set.
(Use `node --trace-warnings ...` to show where the warning was created)


(node:24439) Warning: The 'NO_COLOR' env is ignored due to the 'FORCE_COLOR' env being set.
(Use `node --trace-warnings ...` to show where the warning was created)


[190/192] tests/e2e/r5d-desks-proof.spec.ts:97:1 › r5d desk proof shots
  3) tests/e2e/r5d-desks-proof.spec.ts:97:1 › r5d desk proof shots ─────────────────────────────────

    Test timeout of 400000ms exceeded.

    Error: locator.click: Test timeout of 400000ms exceeded.
    Call log:
      - waiting for locator('[data-testid="door-tile"][data-empty="no"]').first()


      171 |   if (packHref) await page.goto(packHref)
      172 |   await expect(page.getByTestId('pack-open')).toBeVisible()
    > 173 |   await page.locator('[data-testid="door-tile"][data-empty="no"]').first().click()
          |                                                                            ^
      174 |   await expect(page.getByTestId('door-open')).toBeVisible()
      175 |   await expect(page.getByTestId('seat-group').first()).toBeVisible()
      176 |   await shot(page, 'content-ghunya-seats')
        at /workspace/hearts-prototype/tests/e2e/r5d-desks-proof.spec.ts:173:76

    attachment #1: video (video/webm) ──────────────────────────────────────────────────────────────
    test-results/r5d-desks-proof-r5d-desk-proof-shots/video.webm
    ────────────────────────────────────────────────────────────────────────────────────────────────

    Error Context: test-results/r5d-desks-proof-r5d-desk-proof-shots/error-context.md


(node:25062) Warning: The 'NO_COLOR' env is ignored due to the 'FORCE_COLOR' env being set.
(Use `node --trace-warnings ...` to show where the warning was created)


(node:25062) Warning: The 'NO_COLOR' env is ignored due to the 'FORCE_COLOR' env being set.
(Use `node --trace-warnings ...` to show where the warning was created)


[191/192] tests/e2e/r5d-desks-proof.spec.ts:359:1 › admin and teacher open help tips
[192/192] tests/e2e/r5d-desks-proof.spec.ts:409:1 › every desk help card fits at 1366x700 and 1280x800
  3 failed
    tests/e2e/r5d-desks-proof.spec.ts:97:1 › r5d desk proof shots ──────────────────────────────────
    tests/e2e/round2-integration.spec.ts:69:1 › desks wear the evening garden: deep teal page and panels, gold buttons 
    tests/e2e/screenshots.spec.ts:25:1 › a week of use, so the garden has something in it ──────────
  189 passed (34.1m)
EXIT:0
