=== branch e2e HEAD=3ca8534c3604f586181f8958f2cb283d19ae5dd8 PORT=3200 DB=postgres://hearts:hearts@127.0.0.1:5432/hearts_branch_e2e STAMP=20261005T022927Z ===
CMD: HEARTS_E2E_PORT=3200 PW_JSON=/tmp/verify-pr26/results/branch-e2e.json npx playwright test --config=playwright.verify.config.ts 
Wiped the Postgres database (dropped the public schema).
[02:29:40] [33mWARN[39m: [36mNo email adapter provided. Email will be written to console. More info at https://payloadcms.com/docs/email/overview.[39m
[02:29:40] [32mINFO[39m: [36mReading migration files from /tmp/verify-pr26/branch/hearts-prototype/src/migrations[39m
[02:29:40] [32mINFO[39m: [36mMigrating: 20261003_103330_initial[39m
[02:29:41] [32mINFO[39m: [36mMigrated:  20261003_103330_initial (1145ms)[39m
[02:29:41] [32mINFO[39m: [36mMigrating: 20261003_124500_integration_part1[39m
[02:29:41] [32mINFO[39m: [36mMigrated:  20261003_124500_integration_part1 (157ms)[39m
[02:29:41] [32mINFO[39m: [36mMigrating: 20261003_131651_integration_part2[39m
[02:29:42] [32mINFO[39m: [36mMigrated:  20261003_131651_integration_part2 (29ms)[39m
[02:29:42] [32mINFO[39m: [36mMigrating: 20261003_140611_harvest[39m
[02:29:42] [32mINFO[39m: [36mMigrated:  20261003_140611_harvest (17ms)[39m
[02:29:42] [32mINFO[39m: [36mMigrating: 20261003_180616_jibril_doors[39m
[02:29:42] [32mINFO[39m: [36mMigrated:  20261003_180616_jibril_doors (21ms)[39m
[02:29:42] [32mINFO[39m: [36mMigrating: 20261003_194500_line_tidy[39m
[02:29:42] [32mINFO[39m: [36mMigrated:  20261003_194500_line_tidy (2ms)[39m
[02:29:42] [32mINFO[39m: [36mMigrating: 20261003_200853_integration_final[39m
[02:29:42] [32mINFO[39m: [36mMigrated:  20261003_200853_integration_final (54ms)[39m
[02:29:42] [32mINFO[39m: [36mMigrating: 20261003_220000_feedback[39m
[02:29:42] [32mINFO[39m: [36mMigrated:  20261003_220000_feedback (56ms)[39m
[02:29:42] [32mINFO[39m: [36mMigrating: 20261004_031500_gather[39m
[02:29:42] [32mINFO[39m: [36mMigrated:  20261004_031500_gather (78ms)[39m
[02:29:42] [32mINFO[39m: [36mMigrating: 20261004_060000_shorts[39m
[02:29:42] [32mINFO[39m: [36mMigrated:  20261004_060000_shorts (2ms)[39m
[02:29:42] [32mINFO[39m: [36mMigrating: 20261004_061000_portal_time_zone[39m
[02:29:42] [32mINFO[39m: [36mMigrated:  20261004_061000_portal_time_zone (1ms)[39m
[02:29:42] [32mINFO[39m: [36mMigrating: 20261004_080000_lesson_picture_flags[39m
[02:29:42] [32mINFO[39m: [36mMigrated:  20261004_080000_lesson_picture_flags (1ms)[39m
[02:29:42] [32mINFO[39m: [36mMigrating: 20261004_120000_compass_v2[39m
[02:29:42] [32mINFO[39m: [36mMigrated:  20261004_120000_compass_v2 (34ms)[39m
[02:29:42] [32mINFO[39m: [36mMigrating: 20261004_180000_gather_entry_code[39m
[02:29:42] [32mINFO[39m: [36mMigrated:  20261004_180000_gather_entry_code (1ms)[39m
[02:29:42] [32mINFO[39m: [36mMigrating: 20261004_210000_schedule_minutes[39m
[02:29:42] [32mINFO[39m: [36mMigrated:  20261004_210000_schedule_minutes (0ms)[39m
Harvest: 172 verses and hadith across 31 talks. No quotation found in 5: Gratitude is the Greatest Blessing | Gems from Ibn Ata Illah Ep. 1 | Shaykh Mikaeel Ahmed Smith; How to Manage Your Anger - Amjad Tarsin; Moments of Solitude: Closeness to God | Jummah Khutbah | Imam Khalid Latif | 3.11.2022; On Mosques, Companionship, & Knowledge; Quranic Connection #26: A Cure for Anxiety | Shaykh Suleiman Hani.
Harvest sample: 4 lines kept for Maryam.
Feedback demo: sample answers are on the East London and Leeds desks.
Seeded HEARTS. Master: master@hearts.test / hearts-master
Access codes (also on the master desk, and in data/seed-codes-test.json):
  elm-teacher    ELM-HYXY-WBYJ
  elm-admin      ELM-FMCF-4H4Q
  elm-learner    ELM-FYQE-VTJT
  elm-parent     ELM-XYDK-W8A4
  leeds-teacher  LEEDS-XQVY-P34J
  leeds-learner  LEEDS-P7WM-B4PW

Running 222 tests using 1 worker

(node:18816) Warning: The 'NO_COLOR' env is ignored due to the 'FORCE_COLOR' env being set.
(Use `node --trace-warnings ...` to show where the warning was created)


(node:18816) Warning: The 'NO_COLOR' env is ignored due to the 'FORCE_COLOR' env being set.
(Use `node --trace-warnings ...` to show where the warning was created)


[1/222] tests/e2e/ai-steps.spec.ts:73:3 › AI steps › registry, versions, diff, try-it and mock mode
[2/222] tests/e2e/ai-steps.spec.ts:120:3 › AI steps › a re-run does not overwrite an approved tier, and the review screen says a new draft is available
[3/222] tests/e2e/ai-steps.spec.ts:149:3 › AI steps › a background re-run reports progress and keeps a per-talk error
[4/222] tests/e2e/ai-steps.spec.ts:186:3 › AI steps › portal admins can read the steps and cannot edit them until the master grants it
[5/222] tests/e2e/auth-garden.spec.ts:69:5 › join with the code in the link is the evening garden (phone, dawn)
[6/222] tests/e2e/auth-garden.spec.ts:86:5 › sign-in is the evening garden (phone, dawn)
[7/222] tests/e2e/auth-garden.spec.ts:69:5 › join with the code in the link is the evening garden (phone, evening)
[8/222] tests/e2e/auth-garden.spec.ts:86:5 › sign-in is the evening garden (phone, evening)
[9/222] tests/e2e/auth-garden.spec.ts:69:5 › join with the code in the link is the evening garden (desk, dawn)
[10/222] tests/e2e/auth-garden.spec.ts:86:5 › sign-in is the evening garden (desk, dawn)
[11/222] tests/e2e/auth-garden.spec.ts:69:5 › join with the code in the link is the evening garden (desk, evening)
[12/222] tests/e2e/auth-garden.spec.ts:86:5 › sign-in is the evening garden (desk, evening)
[13/222] tests/e2e/auth-garden.spec.ts:98:1 › the front door is the evening garden too, and signing in from the garden page still works
[14/222] tests/e2e/auth-garden.spec.ts:110:1 › a portal named Hearts shows as HEARTS on the master desk; its slug stays as typed
[15/222] tests/e2e/circle-sheet.spec.ts:69:1 › the export carries a CircleAnswers tab, and circle answers on an activation task never count as answers or done tasks
[WebServer] (node:18275) DeprecationWarning: Calling client.query() when the client is already executing a query is deprecated and will be removed in pg@9.0. Use async/await or an external async flow control mechanism instead.
[WebServer] (Use `node --trace-deprecation ...` to show where the warning was created)

[16/222] tests/e2e/circle-sheet.spec.ts:130:1 › deleting a question through the sheet takes its circle answers with it, and undo brings both back together
[17/222] tests/e2e/circle-sheet.spec.ts:167:1 › a portal admin adds circle answers to their own portal’s questions only, and they belong to that portal
[18/222] tests/e2e/circle.spec.ts:62:3 › HEARTS circle answers › generation: the master desk drafts answers with the chosen count, tones and lengths, with the built-in drafts when there is no AI key
[19/222] tests/e2e/circle.spec.ts:101:3 › HEARTS circle answers › label: a learner who shares sees circle answers in the swarm with the light label, and the CMS wording reaches them
[20/222] tests/e2e/circle.spec.ts:131:3 › HEARTS circle answers › fade-out: circle answers step back once real answers reach the threshold, and stay on the desk
[21/222] tests/e2e/circle.spec.ts:174:3 › HEARTS circle answers › exclusion: circle answers never reach analytics, trends, the profile, the workbook or progress views
[WebServer] (node:18275) MaxListenersExceededWarning: Possible EventEmitter memory leak detected. 11 exit listeners added to [process]. MaxListeners is 10. Use emitter.setMaxListeners() to increase limit

[22/222] tests/e2e/circle.spec.ts:209:3 › HEARTS circle answers › portal scope: a portal admin looks after circle answers on their own courses only, and their answers stay in their portal
[23/222] tests/e2e/circle.spec.ts:275:3 › HEARTS circle answers › word checks and switches: kill-list text is refused, and bulk off clears the swarm while the desk keeps the answers
[24/222] tests/e2e/compass.spec.ts:14:1 › a learner cannot fetch their own scores from any compass API
tests/e2e/compass.spec.ts:14:1 › a learner cannot fetch their own scores from any compass API
(node:20559) Warning: The 'NO_COLOR' env is ignored due to the 'FORCE_COLOR' env being set.
(Use `node --trace-warnings ...` to show where the warning was created)


(node:20573) Warning: The 'NO_COLOR' env is ignored due to the 'FORCE_COLOR' env being set.
(Use `node --trace-warnings ...` to show where the warning was created)


(node:20585) Warning: The 'NO_COLOR' env is ignored due to the 'FORCE_COLOR' env being set.
(Use `node --trace-warnings ...` to show where the warning was created)


[02:32:02] WARN: No email adapter provided. Email will be written to console. More info at https://payloadcms.com/docs/email/overview.


Created portal hearts-demo.


Compass demo is in place on hearts-demo. New accounts use compass-demo. Existing accounts keep their password.


[25/222] tests/e2e/compass.spec.ts:37:1 › the monthly look is five questions and a life check-in
[26/222] tests/e2e/compass.spec.ts:95:1 › an imam sees the charts, the cohort, and why a talk was chosen
[27/222] tests/e2e/courses-planning.spec.ts:62:3 › courses and planning › B9: My week is one tap from the feed, and the bar keeps Lanes
[28/222] tests/e2e/courses-planning.spec.ts:76:3 › courses and planning › B14 and B10: a main opens as a buffet, and scheduling lands on My week
[29/222] tests/e2e/courses-planning.spec.ts:97:3 › courses and planning › B6, B11 and B15: the player pauses, thinks, and always has a next part
[30/222] tests/e2e/courses-planning.spec.ts:123:3 › courses and planning › B25: the workbook summarises and links back to the talk
[31/222] tests/e2e/courses-planning.spec.ts:135:3 › courses and planning › Home shows This week at both sizes
[32/222] tests/e2e/courses-planning.spec.ts:144:3 › courses and planning › a short course is spaced across the study-day span, not bunched in week one
[33/222] tests/e2e/courses-planning.spec.ts:197:3 › courses and planning › Ten sittings splits 3,3,2,2 and keeps the days row after sharing out
[34/222] tests/e2e/courses-planning.spec.ts:223:3 › courses and planning › a teacher plan locks against another teacher and tells the learner
[35/222] tests/e2e/doors.spec.ts:50:1 › the 20 doors are seeded with their sections, titles and clauses
[36/222] tests/e2e/doors.spec.ts:60:1 › a learner sees the 20 doors with their titles and never a clause number
[37/222] tests/e2e/doors.spec.ts:99:1 › every learner screen that shows the spine speaks in doors
[38/222] tests/e2e/doors.spec.ts:120:1 › the feed walks the spine door by door and the lanes push talks by door
[39/222] tests/e2e/doors.spec.ts:151:1 › the desk shows the door first and keeps the clause beside it
[40/222] tests/e2e/doors.spec.ts:167:1 › the sheet exports the door beside the clause, takes a door in place of a clause, and undo puts it back
[41/222] tests/e2e/feed-evening.spec.ts:122:1 › question cards are the evening garden: teal gradient over a blurred courtyard, parchment words, a gold Continue, and the video Follow row
[42/222] tests/e2e/feed-evening.spec.ts:166:1 › a question-card swipe and a scenic-card swipe never show a bare side or a blank pill
[43/222] tests/e2e/feed-evening.spec.ts:197:1 › words in the picture: YouTube captions are dropped, our caption hides, and the speaker and Follow leave the lower quarter
[44/222] tests/e2e/feed-evening.spec.ts:233:1 › the extended cut opens on our own poster with the talk title, never a titled YouTube thumbnail
[45/222] tests/e2e/feed-levels.spec.ts:47:1 › swipes keep to the level being watched, and Learn more goes to the watched item’s own parent
[46/222] tests/e2e/feed-polish.spec.ts:63:1 › one Tap for sound on the first clip and on the appetiser; the question card’s chrome reads at AA
[47/222] tests/e2e/feed-polish.spec.ts:87:1 › every scenic card in the feed keeps its words inside the card, never shifts the screen, and offers Mute only with audio
[48/222] tests/e2e/feed-polish.spec.ts:148:1 › Home Your plan heading reads at AA on the teal card
[49/222] tests/e2e/feed-polish.spec.ts:204:1 › harvest lines are whole sentences, and Home, Garden and Harvest show the same counts
[50/222] tests/e2e/feed-polish.spec.ts:231:1 › the portal desk names the portal, never its slug, in the sidebar and on a narrow screen
[51/222] tests/e2e/feed-polish.spec.ts:248:1 › until a clip actually plays, our poster and a gold play button cover the player, never YouTube’s own
[52/222] tests/e2e/feed-touch.spec.ts:74:1 › touch swipes left and right move the feed, on a talk clip, on a card, and in the appetiser loop
[53/222] tests/e2e/feed-touch.spec.ts:109:1 › a question card swipes by touch: the card follows the finger, then the next item comes in from the right
[54/222] tests/e2e/feedback.spec.ts:79:3 › Feedback for teachers › anonymised export, private answers left out, and a draft question check
[55/222] tests/e2e/feedback.spec.ts:191:3 › Feedback for teachers › a teacher can open feedback, a learner cannot, and Leeds cannot read East London
[56/222] tests/e2e/gather.spec.ts:43:1 › RSVP, waitlist promotion, public page, calendar, QR check-in and activation
[57/222] tests/e2e/harvest-lines.spec.ts:22:1 › the seeded lines group and filter by the 20 doors and by speaker, cite only real words, and open their context
[58/222] tests/e2e/harvest-lines.spec.ts:65:1 › a fresh learner sees the sample, then a short clip keeps a real line and parts watched stays at 0
[59/222] tests/e2e/harvest.spec.ts:69:3 › harvest › finishing a talk fills Harvest with what was said, verses placed only when the match is sure
[60/222] tests/e2e/harvest.spec.ts:84:3 › harvest › the Garden counts the new harvest; the cards are verbatim, Arabic above the translation, and the new marker clears once seen
[61/222] tests/e2e/harvest.spec.ts:125:3 › harvest › filters and grouping
[62/222] tests/e2e/harvest.spec.ts:149:3 › harvest › Maryam’s seeded harvest groups under the doors of the hadith of Jibril
[63/222] tests/e2e/harvest.spec.ts:157:3 › harvest › a card replays its talk from a few seconds before the quote
[64/222] tests/e2e/harvest.spec.ts:168:3 › harvest › See it in context shows the ayah among its neighbours, and the named hadith in full
[65/222] tests/e2e/harvest.spec.ts:191:3 › harvest › What do the scholars say offers a labelled summary or the tafsir itself, each source titled
[66/222] tests/e2e/harvest.spec.ts:214:3 › harvest › the harvest is the learner’s own: another portal cannot view it and the records are master-only
[67/222] tests/e2e/integration-final.spec.ts:67:1 › a learner joins by code, takes the persona quiz, stays on level, steps up by Learn more, answers an imported pop-up and finds it all again
[68/222] tests/e2e/integration-final.spec.ts:206:1 › a portal admin walks the short setup and lands back on the overview
[69/222] tests/e2e/integration-r3.spec.ts:15:1 › Me loads with no console errors and keeps the evening palette when the phone is not on UTC
[70/222] tests/e2e/integration-r3.spec.ts:38:3 › the desk sidebar keeps the learner app link, the name and Sign out in view at 1440x900
[71/222] tests/e2e/integration-r3.spec.ts:38:3 › the desk sidebar keeps the learner app link, the name and Sign out in view at 1280x720
[72/222] tests/e2e/integration-r3.spec.ts:57:1 › a YouTube Short in the feed: no caption over its burned-in words, Follow at the top, and our own poster
[73/222] tests/e2e/integration-r3.spec.ts:90:1 › the export log shows times in the portal's zone with a short label, in the viewer's language
[74/222] tests/e2e/integration-r3.spec.ts:128:1 › small fixes: favicon, Teach emails end in an ellipsis, and the install card does not push Home down
[75/222] tests/e2e/integration-r3.spec.ts:158:1 › an opened pack spans the main area as at most about 20 door tiles, with no seats until a door opens, then one clean heading per Ghunya seat
[76/222] tests/e2e/journeys.spec.ts:96:3 › HEARTS journeys › an empty sign-in is refused
[77/222] tests/e2e/journeys.spec.ts:104:3 › HEARTS journeys › master opens a portal, a pack and its codes
[78/222] tests/e2e/journeys.spec.ts:128:3 › HEARTS journeys › admin builds a course, extracts and approves a cut with its clause and seat, and places questions
[79/222] tests/e2e/journeys.spec.ts:200:3 › HEARTS journeys › the approved cut reaches the learner feed; placing answers choose the first course
[80/222] tests/e2e/journeys.spec.ts:224:3 › HEARTS journeys › learner answers, meets the contingent question, and the test clock opens it
[81/222] tests/e2e/journeys.spec.ts:283:3 › HEARTS journeys › a second learner sees the shared answer, and a private answer stays private
[82/222] tests/e2e/journeys.spec.ts:306:3 › HEARTS journeys › teacher replies to a shared workbook entry and the learner is told
[83/222] tests/e2e/journeys.spec.ts:327:3 › HEARTS journeys › the schedule splitter shares three parts across Wednesdays and Fridays
[84/222] tests/e2e/journeys.spec.ts:346:3 › HEARTS journeys › RSVP gives an earned or held ticket, self check-in for earned, staff check-in for held
[85/222] tests/e2e/journeys.spec.ts:372:3 › HEARTS journeys › rooms stay apart, including forged ids and the raw API
[86/222] tests/e2e/journeys.spec.ts:408:3 › HEARTS journeys › a learner on an admin address is sent back, and a closed portal shows the closed page
[87/222] tests/e2e/journeys.spec.ts:431:3 › HEARTS journeys › feed swipes stay on one level, and learn more steps to that clip’s own parent
[88/222] tests/e2e/journeys.spec.ts:484:3 › HEARTS journeys › the main screens load without console errors
[89/222] tests/e2e/library-teach.spec.ts:25:1 › library packs are summaries, and the course picker is the door tree
[90/222] tests/e2e/library-teach.spec.ts:83:1 › demo learners show varied on-time fractions on Teach
tests/e2e/library-teach.spec.ts:83:1 › demo learners show varied on-time fractions on Teach

> hearts-prototype@1.0.0 demo:timed-learners
> tsx src/seed/timed-learners.ts



(node:24144) Warning: The 'NO_COLOR' env is ignored due to the 'FORCE_COLOR' env being set.
(Use `node --trace-warnings ...` to show where the warning was created)


(node:24155) Warning: The 'NO_COLOR' env is ignored due to the 'FORCE_COLOR' env being set.
(Use `node --trace-warnings ...` to show where the warning was created)


[02:41:59] WARN: No email adapter provided. Email will be written to console. More info at https://payloadcms.com/docs/email/overview.


Demo portal /p/hearts-demo is ready. Sign in as demo-admin@hearts-demo.test / demo-timed


  Layla Rahman (demo): 7 parts watched, 4 answers
  Yusuf Karim (demo): 3 parts watched, 1 answers
  Amina Shah (demo): 9 parts watched, 6 answers
  Hassan Malik (demo): 5 parts watched, 5 answers


[91/222] tests/e2e/library-teach.spec.ts:107:1 › the workbook empty state is the arch and a sentence, with no bird art
[92/222] tests/e2e/master-sheet.spec.ts:59:1 › template downloads as xlsx and the seeded library round-trips with no changes
[93/222] tests/e2e/master-sheet.spec.ts:85:1 › a dry run names every bad cell and does not save the rows
[94/222] tests/e2e/master-sheet.spec.ts:121:1 › applying an ai draft keeps it off the learner page until a person approves it, and undo puts the import back
[95/222] tests/e2e/master-sheet.spec.ts:178:1 › a portal admin can only import into courses made in their own portal
[96/222] tests/e2e/master-sheet.spec.ts:212:1 › five hundred rows are previewed through the import route
[97/222] tests/e2e/master-sheet.spec.ts:235:1 › the desk shows the error preview, the applied import and the export
[98/222] tests/e2e/nesting-progress.spec.ts:22:1 › at phone size, short clips stay off the grow page and a full talk in a course moves it
[99/222] tests/e2e/nesting.spec.ts:70:1 › every seeded hors d'oeuvre sits inside its appetiser, and every appetiser inside its full talk
[100/222] tests/e2e/nesting.spec.ts:94:1 › a tier whose hors d'oeuvre leaves the appetiser is refused
[101/222] tests/e2e/nesting.spec.ts:107:1 › browsing answers and short watching never move the course, the Garden or time given
[102/222] tests/e2e/nesting.spec.ts:135:1 › the course page sends only the seconds played there, so opening near the end counts nothing
[103/222] tests/e2e/nesting.spec.ts:148:1 › answering in the course and watching the full talk there do count
[104/222] tests/e2e/nesting.spec.ts:169:1 › swipes stay on the level being watched, and "Learn more" goes to the parent of that same item
[105/222] tests/e2e/opening.spec.ts:77:3 › the opening › 1. a first visit to the portal lands on the opener, with its caption and both ways in
[106/222] tests/e2e/opening.spec.ts:86:3 › the opening › 2. nothing from YouTube loads before the learner chooses a way in (P12)
[107/222] tests/e2e/opening.spec.ts:93:3 › the opening › 3. Let us play opens scene one, and the address follows the scene
[108/222] tests/e2e/opening.spec.ts:100:3 › the opening › 4. a tap shows its reply line, then the next scene rises
[109/222] tests/e2e/opening.spec.ts:109:3 › the opening › 5. Pass moves on without a tap and is kept as a pass
[110/222] tests/e2e/opening.spec.ts:118:3 › the opening › 6. going back replaces the earlier tap instead of adding one
[111/222] tests/e2e/opening.spec.ts:131:3 › the opening › 7. the crisis option opens the help screen with contacts, and Back to HEARTS returns to the opener
[112/222] tests/e2e/opening.spec.ts:145:3 › the opening › 8. the help screen has its own address and works on a cold load
[113/222] tests/e2e/opening.spec.ts:151:3 › the opening › 9. six taps hand off with the line, then the feed, at /feed
[114/222] tests/e2e/opening.spec.ts:161:3 › the opening › 10. Back from the feed does not reopen the scenes
[115/222] tests/e2e/opening.spec.ts:169:3 › the opening › 11. the taps stay on the device: no request carries them before sign-up (P1)
[116/222] tests/e2e/opening.spec.ts:182:3 › the opening › 12. before sign-up the feed is chosen on the device, so no request carries lane scores (P2)
[117/222] tests/e2e/opening.spec.ts:196:3 › the opening › 13. Just show me something goes straight to a clip with its own line
[118/222] tests/e2e/opening.spec.ts:203:3 › the opening › 14. after the opening, the portal address opens the feed on the next visit
[119/222] tests/e2e/opening.spec.ts:210:3 › the opening › 15. the sky lightens scene by scene and is full at the feed
[120/222] tests/e2e/opening.spec.ts:219:3 › the opening › 16. a heart on a clip asks to keep the place, and Not now carries on
[121/222] tests/e2e/opening.spec.ts:228:3 › the opening › 17. signing up from the sheet sends the opening once, and the workbook shows where you started
[122/222] tests/e2e/opening.spec.ts:249:3 › the opening › 18. a private opening answer is never shown to the teacher (P9)
[123/222] tests/e2e/opening.spec.ts:262:3 › the opening › 19. the owner sees all six rows, private ones with a lock
[124/222] tests/e2e/opening.spec.ts:268:3 › the opening › 20. the mentor CSV holds shared rows only
[125/222] tests/e2e/opening.spec.ts:278:3 › the opening › 21. turning off Share my opening answers hides them from the teacher
[126/222] tests/e2e/opening.spec.ts:305:3 › the opening › 22. the Me tab lets the learner change their name
[127/222] tests/e2e/opening.spec.ts:317:3 › the opening › 23. Guarding the gaze is opt-in and kept on the device only
[128/222] tests/e2e/opening.spec.ts:328:3 › the opening › 24. Start again clears the opening here and on the server, and opens the opener
[129/222] tests/e2e/opening.spec.ts:347:3 › the opening › 25. reduced motion keeps every step, with fades in place of movement
[130/222] tests/e2e/opening.spec.ts:361:3 › pop-up questions in a lesson › 26. the question strip shows one mark per question
[131/222] tests/e2e/opening.spec.ts:369:3 › pop-up questions in a lesson › 27. playback stops at a question, the answer saves, and playback carries on
[132/222] tests/e2e/opening.spec.ts:391:3 › pop-up questions in a lesson › 28. Answer later closes the card and keeps the question open
[133/222] tests/e2e/opening.spec.ts:405:3 › pop-up questions in a lesson › 29a. a clip the player refuses is reported, and a report alone never hides it
[134/222] tests/e2e/opening.spec.ts:417:3 › pop-up questions in a lesson › 29. the strict layout keeps the paused player in view above the card
[135/222] tests/e2e/opening.spec.ts:442:3 › the desks for the opening › 30. the master sees the six scenes, their options and the publish checks
[136/222] tests/e2e/opening.spec.ts:449:3 › the desks for the opening › 31. publishing a caption with a kill-list word is refused
[137/222] tests/e2e/opening.spec.ts:461:3 › the desks for the opening › 32. the simulator runs the phone’s routing on picked taps
[138/222] tests/e2e/opening.spec.ts:473:3 › the desks for the opening › 33. the lanes screen lists every lane and the tag queue
[139/222] tests/e2e/opening.spec.ts:479:3 › the desks for the opening › 34. trends stay hidden until ten people have taken part
[140/222] tests/e2e/opening.spec.ts:485:3 › the desks for the opening › 35. a portal admin rewords a scene for their community and the opener shows it
[141/222] tests/e2e/opening.spec.ts:501:3 › the desks for the opening › 36. the scene with the help option cannot be left out
[142/222] tests/e2e/opening.spec.ts:508:3 › the desks for the opening › 37. a portal admin adds a help contact and the help screen lists it
[143/222] tests/e2e/opening.spec.ts:523:3 › the desks for the opening › 38. persona bands are distinct, including anger and greed
[144/222] tests/e2e/opening.spec.ts:540:3 › the desks for the opening › 39. the master edits a scale and a nudge, and a portal admin cannot see the bands
[145/222] tests/e2e/opening.spec.ts:584:3 › the desks for the opening › 40. a learner sees a gentle path and the API carries no raw scores
[146/222] tests/e2e/opening.spec.ts:613:3 › the desks for the opening › 41. an imam sees the signed scale over time and the talks watched between looks
[147/222] tests/e2e/opening.spec.ts:657:3 › the desks for the opening › 42. a month later the home card opens different words and a life check
[148/222] tests/e2e/planner-shots.spec.ts:37:3 › planner shots › before and after at 390x844: bunched first week, then spaced across the span
[149/222] tests/e2e/round2-integration.spec.ts:27:1 › no hoopoe or Hudhud on sign-in, Home, the feed, the garden, Me, the desks or the laptop page
[150/222] tests/e2e/round2-integration.spec.ts:69:1 › desks wear the parchment: dark teal only on the sidebar and card headers, gold buttons
[151/222] tests/e2e/round2-integration.spec.ts:118:1 › the library puts each course on the door its clips carry
[152/222] tests/e2e/round3.spec.ts:52:3 › round 3 API › Bug 1: one account adds at most one trend row a week, whatever nonce it sends
[153/222] tests/e2e/round3.spec.ts:75:3 › round 3 API › Bug 2: codes have expiry, max uses and a switch; a one-use code refuses a second person; guessing is throttled; seed codes are random
[154/222] tests/e2e/round3.spec.ts:108:3 › round 3 API › Bug 3: a portal admin cannot get round the opening rules over REST, and cannot move the setup to another portal
[155/222] tests/e2e/round3.spec.ts:125:3 › round 3 API › Bug 4: a heart-state row is always the signed-in person, and only with Keep my place on
[156/222] tests/e2e/round3.spec.ts:140:3 › round 3 API › Bug 6: a private answer is read by its owner only, not the teacher, the admin or the master
[157/222] tests/e2e/round3.spec.ts:155:3 › round 3 API › Bug 7: nothing is written while viewing as someone, globals and new portals included
[158/222] tests/e2e/round3.spec.ts:168:3 › round 3 API › Bug 8: joining is refused and audited while viewing as someone, even with changes allowed
[159/222] tests/e2e/round3.spec.ts:183:3 › round 3 API › Bug 9: only the master moves the test clock, and signed-out reads of it are refused
[160/222] tests/e2e/round3.spec.ts:193:3 › round 3 API › Bug 11: a portal hides at most two scenes and never the one with the help option
[161/222] tests/e2e/round3.spec.ts:208:3 › round 3 API › Bug 12: reserved portal addresses are refused by the form and by REST
[162/222] tests/e2e/round3.spec.ts:216:3 › round 3 API › Bug 13: help contacts take tel and https only, and the help screen shows plain text
[163/222] tests/e2e/round3.spec.ts:228:3 › round 3 API › Bug 15: Al-Nur plays the full class and the seed holds every timing inside its talk
[164/222] tests/e2e/round3.spec.ts:237:3 › round 3 API › Bug 21: plans are capped at a year, take a season name, and say 1 sitting
[165/222] tests/e2e/round3.spec.ts:248:3 › round 3 API › Bug 24: master flags are not readable signed out; unplayable reports need sign-in and are rate-limited
[166/222] tests/e2e/round3.spec.ts:260:3 › round 3 API › Bug 25: leaving view-as goes back to a path on this site, never localhost
[167/222] tests/e2e/round3.spec.ts:272:3 › round 3 API › Bug 26: a view-as reason, and a reason to allow changes, need at least 10 characters
[168/222] tests/e2e/round3.spec.ts:285:3 › round 3 screens › Bug 5: nothing tap-derived leaves the device before sign-up, and the feed API refuses strangers
[169/222] tests/e2e/round3.spec.ts:300:3 › round 3 screens › Bug 14: the 14-day chart bars have width
[170/222] tests/e2e/round3.spec.ts:310:3 › round 3 screens › Bug 16: a reload in the middle of the opening keeps the taps and the scene
[171/222] tests/e2e/round3.spec.ts:324:3 › round 3 screens › Bug 17: a double tap moves one scene and adds one history entry
[172/222] tests/e2e/round3.spec.ts:343:3 › round 3 screens › Bug 18: a narrow screen gets a laptop note instead of the desk
[173/222] tests/e2e/round3.spec.ts:354:3 › round 3 screens › Bug 19: the question sheet never covers the film, in either layout
[174/222] tests/e2e/round3.spec.ts:383:3 › round 3 screens › Bug 22: a brand-new portal can choose courses from the central library
[175/222] tests/e2e/round3.spec.ts:403:3 › round 3 screens › Bug 23: Home Continue rows put the title and the speaker line on separate lines
[176/222] tests/e2e/round3.spec.ts:413:3 › round 3 screens › Bug 27: What others said stays hidden until the learner opts in
[177/222] tests/e2e/round3.spec.ts:428:3 › round 3 screens › Bug 28: no hydration warnings on the desks
[178/222] tests/e2e/round3.spec.ts:450:3 › round 3 screens › Section T: the appetiser offers the main from 0:00 and a resume link at its out point; drafts stay off the learner side
[179/222] tests/e2e/round3.spec.ts:496:3 › round 3 screens › Section T: the master checks a talk in the tier editor and publishes a pop-up
[180/222] tests/e2e/round4.spec.ts:64:3 › round 4 API › N4: the tier record is what learners get for lessons 1 to 3, one clip per talk, and an edit reaches them at once
[181/222] tests/e2e/round4.spec.ts:86:3 › round 4 API › LOW: lesson 1 plays its video, not slides
[182/222] tests/e2e/round4.spec.ts:93:3 › round 4 API › K1: pop-up questions and tier lines refuse spaced letters, stretched spellings, quizlet, rating and markup
[183/222] tests/e2e/round4.spec.ts:105:3 › round 4 API › N2: a portal admin sets any use limit on an admin code, including none; it grants admin in their own portal only, can be switched off, and shows who joined
[184/222] tests/e2e/round4.spec.ts:148:3 › round 4 API › N1: 210 failures from rotating addresses never block a valid code; one address is limited by its own failures, whatever it writes on the left
[185/222] tests/e2e/round4.spec.ts:171:3 › round 4 API › N3: a contribution counts only from an account that has finished a video and is at least a day old
[186/222] tests/e2e/round4.spec.ts:194:3 › round 4 API › D1: show unchecked talks is a master flag; off, learners get approved talks only; review approves and rejects
[187/222] tests/e2e/round4.spec.ts:216:3 › round 4 screens › L1: each lane card opens that lane’s own feed, starting on its first clip
[188/222] tests/e2e/round4.spec.ts:238:3 › round 4 screens › LOW: a speaker’s Watch intro plays the tier’s appetiser and stops at its out point
[189/222] tests/e2e/round4.spec.ts:256:3 › round 4 screens › A1 and A2: at 390 by 844 the appetiser plays its clip with nothing overlapping, and no transcript over the picture
[190/222] tests/e2e/round4.spec.ts:294:3 › round 4 screens › G1: the Garden rings are readable and Your path is styled with one number per lesson
[191/222] tests/e2e/round4.spec.ts:316:3 › round 4 screens › LOW: each Still open row in the workbook keeps the question and the talk on separate lines
[192/222] tests/e2e/round4.spec.ts:325:3 › round 4 screens › E1: at 1440 the tier editor labels, number boxes, sliders, headings and note do not overlap
[193/222] tests/e2e/round4.spec.ts:348:3 › round 4 screens › D1: the review screen plays both tiers, shows hook, turn and land, and takes keyboard shortcuts
[194/222] tests/e2e/round4.spec.ts:380:3 › round 4 screens › LOW: a question paused over the film fades YouTube’s pause panel under a soft scrim
[195/222] tests/e2e/screenshots.spec.ts:33:1 › a week of use, so the garden has something in it
  1) tests/e2e/screenshots.spec.ts:33:1 › a week of use, so the garden has something in it ─────────

    Test timeout of 300000ms exceeded.

    Error: locator.check: Test timeout of 300000ms exceeded.
    Call log:
      - waiting for getByTestId('answer-share')


      48 |   await page.getByTestId('answer-text').fill('Sending salawat after Fajr, before I pick up my phone.')
      49 |   await page.getByTestId('answer-private').uncheck()
    > 50 |   await page.getByTestId('answer-share').check()
         |                                          ^
      51 |   await page.getByTestId('answer-submit').click()
      52 |   await expect(page.getByTestId('notice')).toBeVisible()
      53 |   await page.goto('/p/east-london/garden/jibril/10')
        at /tmp/verify-pr26/branch/hearts-prototype/tests/e2e/screenshots.spec.ts:50:42

    Error Context: test-results/screenshots-a-week-of-use-so-the-garden-has-something-in-it/error-context.md


(node:28566) Warning: The 'NO_COLOR' env is ignored due to the 'FORCE_COLOR' env being set.
(Use `node --trace-warnings ...` to show where the warning was created)


(node:28566) Warning: The 'NO_COLOR' env is ignored due to the 'FORCE_COLOR' env being set.
(Use `node --trace-warnings ...` to show where the warning was created)


[196/222] tests/e2e/screenshots.spec.ts:66:1 › learner app at phone size
[197/222] tests/e2e/screenshots.spec.ts:111:1 › portal desk at desktop size
[198/222] tests/e2e/screenshots.spec.ts:147:1 › the opening at phone size
[199/222] tests/e2e/screenshots.spec.ts:169:1 › view as, from the portal desk
[200/222] tests/e2e/screenshots.spec.ts:185:1 › door, sign-in and join
[201/222] tests/e2e/screenshots.spec.ts:192:1 › circle answers: the desk and the swarm
[202/222] tests/e2e/security.spec.ts:9:1 › the create-first-user screen and first-register are closed, and nobody outside can make an admin
[203/222] tests/e2e/sheet-creator.spec.ts:60:1 › the creator drafts a sheet, then a learner completes a task the imam can see
[WebServer]  ⚠ Server is approaching the used memory threshold, restarting...

  2) tests/e2e/sheet-creator.spec.ts:60:1 › the creator drafts a sheet, then a learner completes a task the imam can see 

    Error: expect(locator).toHaveCount(expected) failed

    Locator:  getByTestId('creator-candidate')
    Expected: 3
    Received: 0
    Timeout:  20000ms

    Call log:
      - Expect "toHaveCount" getByTestId('creator-candidate') with timeout 20000ms
      - waiting for getByTestId('creator-candidate')
        44 × locator resolved to 0 elements
           - unexpected value "0"


      70 |   await page.getByTestId('creator-speaker').fill('Mikaeel Smith')
      71 |   await page.getByTestId('creator-search').click()
    > 72 |   await expect(page.getByTestId('creator-candidate')).toHaveCount(3)
         |                                                       ^
      73 |   await page.locator('[data-testid="creator-candidate"][data-id="ccccccccccc"] [data-testid="creator-include"]').check()
      74 |   await page.getByTestId('creator-paste').fill('https://vimeo.com/76979871')
      75 |   await page.getByTestId('creator-file').setInputFiles(path.join(process.cwd(), 'tests/fixtures/circle-recording.mp4'))
        at /tmp/verify-pr26/branch/hearts-prototype/tests/e2e/sheet-creator.spec.ts:72:55

    Error Context: test-results/sheet-creator-the-creator--f8732-tes-a-task-the-imam-can-see/error-context.md

    Error Context: test-results/sheet-creator-the-creator--f8732-tes-a-task-the-imam-can-see/error-context.md


(node:29379) Warning: The 'NO_COLOR' env is ignored due to the 'FORCE_COLOR' env being set.
(Use `node --trace-warnings ...` to show where the warning was created)


(node:29379) Warning: The 'NO_COLOR' env is ignored due to the 'FORCE_COLOR' env being set.
(Use `node --trace-warnings ...` to show where the warning was created)


[204/222] tests/e2e/sheet-creator.spec.ts:168:1 › a portal admin searches for their own course and cannot draft the master library
[205/222] tests/e2e/sheet-packs.spec.ts:65:1 › the pack column puts a new course in the pack; without the tick box existing learners are left as they are, and that is logged
[206/222] tests/e2e/sheet-packs.spec.ts:84:1 › the preview offers the pack choice with the push tick box off by default
[207/222] tests/e2e/sheet-packs.spec.ts:99:1 › choosing a pack for new courses and ticking push gives them to learners who already hold the pack; undo takes both back out
[208/222] tests/e2e/sheet-packs.spec.ts:126:1 › a portal admin cannot name a master pack or another portal’s pack
[209/222] tests/e2e/typography.spec.ts:27:1 › Typography panel lists the five styles and can stand in for the hors d’oeuvre
[210/222] tests/e2e/view-as.spec.ts:51:3 › view as › 38. a portal admin views as a learner with a reason, read-only by default
[211/222] tests/e2e/view-as.spec.ts:58:3 › view as › 39. a view without a reason is refused
[212/222] tests/e2e/view-as.spec.ts:68:3 › view as › 40. while read-only, answers and settings are refused and logged
[213/222] tests/e2e/view-as.spec.ts:78:3 › view as › 41. the learner’s private opening answers are not shown in view-as
[214/222] tests/e2e/view-as.spec.ts:87:3 › view as › 42. the viewer’s own device state is left alone, and the view’s keys are wiped on exit
[215/222] tests/e2e/view-as.spec.ts:108:3 › view as › 43. Exit returns to where the view started and ends the session
[216/222] tests/e2e/view-as.spec.ts:118:3 › view as › 44. a teacher has no View as, and the server refuses one
[217/222] tests/e2e/view-as.spec.ts:126:3 › view as › 45. a portal admin cannot view as a learner in another portal
[218/222] tests/e2e/view-as.spec.ts:133:3 › view as › 46. the master views as a portal admin, but never as another master
[WebServer] (node:29359) MaxListenersExceededWarning: Possible EventEmitter memory leak detected. 11 exit listeners added to [process]. MaxListeners is 10. Use emitter.setMaxListeners() to increase limit
[WebServer] (Use `node --trace-warnings ...` to show where the warning was created)

[219/222] tests/e2e/view-as.spec.ts:147:3 › view as › 47. start and stop are written to the audit log with the reason
[220/222] tests/e2e/view-as.spec.ts:156:3 › view as › 48. allowing changes needs a reason, and then a change goes through and is logged
[221/222] tests/e2e/view-as.spec.ts:174:3 › view as › 49. some things stay closed even with changes allowed: the opening and Start again
(node:30332) Warning: The 'NO_COLOR' env is ignored due to the 'FORCE_COLOR' env being set.
(Use `node --trace-warnings ...` to show where the warning was created)


(node:30332) Warning: The 'NO_COLOR' env is ignored due to the 'FORCE_COLOR' env being set.
(Use `node --trace-warnings ...` to show where the warning was created)


[222/222] tests/e2e/planner-demo.spec.ts:58:1 › phone walk: buffet, plan, think, swipe, home, workbook, retry, next part
  Slow test file: tests/e2e/opening.spec.ts (5.1m)
  Consider running tests from slow files in parallel. See: https://playwright.dev/docs/test-parallel
  2 failed
    tests/e2e/screenshots.spec.ts:33:1 › a week of use, so the garden has something in it ──────────
    tests/e2e/sheet-creator.spec.ts:60:1 › the creator drafts a sheet, then a learner completes a task the imam can see 
  1 skipped
  219 passed (35.8m)
e2e exit=1
