Wiped the Postgres database (dropped the public schema).
[03:10:08] [33mWARN[39m: [36mNo email adapter provided. Email will be written to console. More info at https://payloadcms.com/docs/email/overview.[39m
[03:10:08] [32mINFO[39m: [36mReading migration files from /tmp/verify-pr26/branch/hearts-prototype/src/migrations[39m
[03:10:08] [32mINFO[39m: [36mMigrating: 20261003_103330_initial[39m
[03:10:09] [32mINFO[39m: [36mMigrated:  20261003_103330_initial (955ms)[39m
[03:10:09] [32mINFO[39m: [36mMigrating: 20261003_124500_integration_part1[39m
[03:10:09] [32mINFO[39m: [36mMigrated:  20261003_124500_integration_part1 (165ms)[39m
[03:10:09] [32mINFO[39m: [36mMigrating: 20261003_131651_integration_part2[39m
[03:10:09] [32mINFO[39m: [36mMigrated:  20261003_131651_integration_part2 (37ms)[39m
[03:10:09] [32mINFO[39m: [36mMigrating: 20261003_140611_harvest[39m
[03:10:09] [32mINFO[39m: [36mMigrated:  20261003_140611_harvest (22ms)[39m
[03:10:09] [32mINFO[39m: [36mMigrating: 20261003_180616_jibril_doors[39m
[03:10:09] [32mINFO[39m: [36mMigrated:  20261003_180616_jibril_doors (15ms)[39m
[03:10:09] [32mINFO[39m: [36mMigrating: 20261003_194500_line_tidy[39m
[03:10:09] [32mINFO[39m: [36mMigrated:  20261003_194500_line_tidy (1ms)[39m
[03:10:09] [32mINFO[39m: [36mMigrating: 20261003_200853_integration_final[39m
[03:10:09] [32mINFO[39m: [36mMigrated:  20261003_200853_integration_final (48ms)[39m
[03:10:09] [32mINFO[39m: [36mMigrating: 20261003_220000_feedback[39m
[03:10:09] [32mINFO[39m: [36mMigrated:  20261003_220000_feedback (46ms)[39m
[03:10:09] [32mINFO[39m: [36mMigrating: 20261004_031500_gather[39m
[03:10:09] [32mINFO[39m: [36mMigrated:  20261004_031500_gather (54ms)[39m
[03:10:09] [32mINFO[39m: [36mMigrating: 20261004_060000_shorts[39m
[03:10:09] [32mINFO[39m: [36mMigrated:  20261004_060000_shorts (1ms)[39m
[03:10:09] [32mINFO[39m: [36mMigrating: 20261004_061000_portal_time_zone[39m
[03:10:09] [32mINFO[39m: [36mMigrated:  20261004_061000_portal_time_zone (1ms)[39m
[03:10:09] [32mINFO[39m: [36mMigrating: 20261004_080000_lesson_picture_flags[39m
[03:10:09] [32mINFO[39m: [36mMigrated:  20261004_080000_lesson_picture_flags (1ms)[39m
[03:10:09] [32mINFO[39m: [36mMigrating: 20261004_120000_compass_v2[39m
[03:10:09] [32mINFO[39m: [36mMigrated:  20261004_120000_compass_v2 (48ms)[39m
[03:10:09] [32mINFO[39m: [36mMigrating: 20261004_180000_gather_entry_code[39m
[03:10:09] [32mINFO[39m: [36mMigrated:  20261004_180000_gather_entry_code (1ms)[39m
[03:10:09] [32mINFO[39m: [36mMigrating: 20261004_210000_schedule_minutes[39m
[03:10:09] [32mINFO[39m: [36mMigrated:  20261004_210000_schedule_minutes (1ms)[39m
Harvest: 172 verses and hadith across 31 talks. No quotation found in 5: Gratitude is the Greatest Blessing | Gems from Ibn Ata Illah Ep. 1 | Shaykh Mikaeel Ahmed Smith; How to Manage Your Anger - Amjad Tarsin; Moments of Solitude: Closeness to God | Jummah Khutbah | Imam Khalid Latif | 3.11.2022; On Mosques, Companionship, & Knowledge; Quranic Connection #26: A Cure for Anxiety | Shaykh Suleiman Hani.
Harvest sample: 4 lines kept for Maryam.
Feedback demo: sample answers are on the East London and Leeds desks.
Seeded HEARTS. Master: master@hearts.test / hearts-master
Access codes (also on the master desk, and in data/seed-codes-test.json):
  elm-teacher    ELM-9DPE-VT96
  elm-admin      ELM-X3K6-77K8
  elm-learner    ELM-T3FK-PDFQ
  elm-parent     ELM-DP3D-AG3D
  leeds-teacher  LEEDS-XC4K-EVB4
  leeds-learner  LEEDS-36WD-9G8T

Running 1 test using 1 worker

(node:32336) Warning: The 'NO_COLOR' env is ignored due to the 'FORCE_COLOR' env being set.
(Use `node --trace-warnings ...` to show where the warning was created)


(node:32336) Warning: The 'NO_COLOR' env is ignored due to the 'FORCE_COLOR' env being set.
(Use `node --trace-warnings ...` to show where the warning was created)


[1/1] tests/e2e/round4.spec.ts:380:3 › round 4 screens › LOW: a question paused over the film fades YouTube’s pause panel under a soft scrim
  1 skipped
