Wiped the Postgres database (dropped the public schema).
[03:09:02] [33mWARN[39m: [36mNo email adapter provided. Email will be written to console. More info at https://payloadcms.com/docs/email/overview.[39m
[03:09:02] [32mINFO[39m: [36mReading migration files from /tmp/verify-pr26/branch/hearts-prototype/src/migrations[39m
[03:09:03] [32mINFO[39m: [36mMigrating: 20261003_103330_initial[39m
[03:09:04] [32mINFO[39m: [36mMigrated:  20261003_103330_initial (1107ms)[39m
[03:09:04] [32mINFO[39m: [36mMigrating: 20261003_124500_integration_part1[39m
[03:09:04] [32mINFO[39m: [36mMigrated:  20261003_124500_integration_part1 (199ms)[39m
[03:09:04] [32mINFO[39m: [36mMigrating: 20261003_131651_integration_part2[39m
[03:09:04] [32mINFO[39m: [36mMigrated:  20261003_131651_integration_part2 (50ms)[39m
[03:09:04] [32mINFO[39m: [36mMigrating: 20261003_140611_harvest[39m
[03:09:04] [32mINFO[39m: [36mMigrated:  20261003_140611_harvest (25ms)[39m
[03:09:04] [32mINFO[39m: [36mMigrating: 20261003_180616_jibril_doors[39m
[03:09:04] [32mINFO[39m: [36mMigrated:  20261003_180616_jibril_doors (21ms)[39m
[03:09:04] [32mINFO[39m: [36mMigrating: 20261003_194500_line_tidy[39m
[03:09:04] [32mINFO[39m: [36mMigrated:  20261003_194500_line_tidy (1ms)[39m
[03:09:04] [32mINFO[39m: [36mMigrating: 20261003_200853_integration_final[39m
[03:09:04] [32mINFO[39m: [36mMigrated:  20261003_200853_integration_final (53ms)[39m
[03:09:04] [32mINFO[39m: [36mMigrating: 20261003_220000_feedback[39m
[03:09:04] [32mINFO[39m: [36mMigrated:  20261003_220000_feedback (52ms)[39m
[03:09:04] [32mINFO[39m: [36mMigrating: 20261004_031500_gather[39m
[03:09:04] [32mINFO[39m: [36mMigrated:  20261004_031500_gather (62ms)[39m
[03:09:04] [32mINFO[39m: [36mMigrating: 20261004_060000_shorts[39m
[03:09:04] [32mINFO[39m: [36mMigrated:  20261004_060000_shorts (1ms)[39m
[03:09:04] [32mINFO[39m: [36mMigrating: 20261004_061000_portal_time_zone[39m
[03:09:04] [32mINFO[39m: [36mMigrated:  20261004_061000_portal_time_zone (1ms)[39m
[03:09:04] [32mINFO[39m: [36mMigrating: 20261004_080000_lesson_picture_flags[39m
[03:09:04] [32mINFO[39m: [36mMigrated:  20261004_080000_lesson_picture_flags (1ms)[39m
[03:09:04] [32mINFO[39m: [36mMigrating: 20261004_120000_compass_v2[39m
[03:09:04] [32mINFO[39m: [36mMigrated:  20261004_120000_compass_v2 (27ms)[39m
[03:09:04] [32mINFO[39m: [36mMigrating: 20261004_180000_gather_entry_code[39m
[03:09:04] [32mINFO[39m: [36mMigrated:  20261004_180000_gather_entry_code (2ms)[39m
[03:09:04] [32mINFO[39m: [36mMigrating: 20261004_210000_schedule_minutes[39m
[03:09:04] [32mINFO[39m: [36mMigrated:  20261004_210000_schedule_minutes (0ms)[39m
Harvest: 172 verses and hadith across 31 talks. No quotation found in 5: Gratitude is the Greatest Blessing | Gems from Ibn Ata Illah Ep. 1 | Shaykh Mikaeel Ahmed Smith; How to Manage Your Anger - Amjad Tarsin; Moments of Solitude: Closeness to God | Jummah Khutbah | Imam Khalid Latif | 3.11.2022; On Mosques, Companionship, & Knowledge; Quranic Connection #26: A Cure for Anxiety | Shaykh Suleiman Hani.
Harvest sample: 4 lines kept for Maryam.
Feedback demo: sample answers are on the East London and Leeds desks.
Seeded HEARTS. Master: master@hearts.test / hearts-master
Access codes (also on the master desk, and in data/seed-codes-test.json):
  elm-teacher    ELM-JUVV-KAV6
  elm-admin      ELM-RVAG-PY84
  elm-learner    ELM-TPU8-TM4P
  elm-parent     ELM-PG4F-97AC
  leeds-teacher  LEEDS-TCNP-FXCU
  leeds-learner  LEEDS-EEFN-G4MP

Running 1 test using 1 worker

(node:32029) Warning: The 'NO_COLOR' env is ignored due to the 'FORCE_COLOR' env being set.
(Use `node --trace-warnings ...` to show where the warning was created)


(node:32029) Warning: The 'NO_COLOR' env is ignored due to the 'FORCE_COLOR' env being set.
(Use `node --trace-warnings ...` to show where the warning was created)


[1/1] tests/e2e/round4.spec.ts:380:3 › round 4 screens › LOW: a question paused over the film fades YouTube’s pause panel under a soft scrim
  1) tests/e2e/round4.spec.ts:380:3 › round 4 screens › LOW: a question paused over the film fades YouTube’s pause panel under a soft scrim 

    Error: expect(locator).toBeVisible() failed

    Locator: getByTestId('paused-scrim')
    Expected: visible
    Timeout: 20000ms
    Error: element(s) not found

    Call log:
      - Expect "toBeVisible" getByTestId('paused-scrim') with timeout 20000ms
      - waiting for getByTestId('paused-scrim')


      389 |     await page.getByTestId('answer-point').click()
      390 |     await expect(page.getByTestId('popup')).toBeVisible()
    > 391 |     await expect(page.getByTestId('paused-scrim')).toBeVisible()
          |                                                    ^
      392 |     const [scrim, film] = await Promise.all([page.getByTestId('paused-scrim').boundingBox(), page.locator('.player-card .yt').boundingBox()])
      393 |     expect(Math.abs(scrim!.y - film!.y)).toBeLessThanOrEqual(1)
      394 |     expect(Math.abs(scrim!.height - film!.height)).toBeLessThanOrEqual(1)
        at /tmp/verify-pr26/branch/hearts-prototype/tests/e2e/round4.spec.ts:391:52

    Error Context: test-results/round4-round-4-screens-LOW-d2f20-se-panel-under-a-soft-scrim/error-context.md

    Error Context: test-results/round4-round-4-screens-LOW-d2f20-se-panel-under-a-soft-scrim/error-context.md


  1 failed
    tests/e2e/round4.spec.ts:380:3 › round 4 screens › LOW: a question paused over the film fades YouTube’s pause panel under a soft scrim 
