Wiped the Postgres database (dropped the public schema).
[03:07:57] [33mWARN[39m: [36mNo email adapter provided. Email will be written to console. More info at https://payloadcms.com/docs/email/overview.[39m
[03:07:57] [32mINFO[39m: [36mReading migration files from /tmp/verify-pr26/branch/hearts-prototype/src/migrations[39m
[03:07:57] [32mINFO[39m: [36mMigrating: 20261003_103330_initial[39m
[03:07:58] [32mINFO[39m: [36mMigrated:  20261003_103330_initial (1051ms)[39m
[03:07:58] [32mINFO[39m: [36mMigrating: 20261003_124500_integration_part1[39m
[03:07:59] [32mINFO[39m: [36mMigrated:  20261003_124500_integration_part1 (207ms)[39m
[03:07:59] [32mINFO[39m: [36mMigrating: 20261003_131651_integration_part2[39m
[03:07:59] [32mINFO[39m: [36mMigrated:  20261003_131651_integration_part2 (47ms)[39m
[03:07:59] [32mINFO[39m: [36mMigrating: 20261003_140611_harvest[39m
[03:07:59] [32mINFO[39m: [36mMigrated:  20261003_140611_harvest (12ms)[39m
[03:07:59] [32mINFO[39m: [36mMigrating: 20261003_180616_jibril_doors[39m
[03:07:59] [32mINFO[39m: [36mMigrated:  20261003_180616_jibril_doors (16ms)[39m
[03:07:59] [32mINFO[39m: [36mMigrating: 20261003_194500_line_tidy[39m
[03:07:59] [32mINFO[39m: [36mMigrated:  20261003_194500_line_tidy (1ms)[39m
[03:07:59] [32mINFO[39m: [36mMigrating: 20261003_200853_integration_final[39m
[03:07:59] [32mINFO[39m: [36mMigrated:  20261003_200853_integration_final (73ms)[39m
[03:07:59] [32mINFO[39m: [36mMigrating: 20261003_220000_feedback[39m
[03:07:59] [32mINFO[39m: [36mMigrated:  20261003_220000_feedback (57ms)[39m
[03:07:59] [32mINFO[39m: [36mMigrating: 20261004_031500_gather[39m
[03:07:59] [32mINFO[39m: [36mMigrated:  20261004_031500_gather (87ms)[39m
[03:07:59] [32mINFO[39m: [36mMigrating: 20261004_060000_shorts[39m
[03:07:59] [32mINFO[39m: [36mMigrated:  20261004_060000_shorts (2ms)[39m
[03:07:59] [32mINFO[39m: [36mMigrating: 20261004_061000_portal_time_zone[39m
[03:07:59] [32mINFO[39m: [36mMigrated:  20261004_061000_portal_time_zone (0ms)[39m
[03:07:59] [32mINFO[39m: [36mMigrating: 20261004_080000_lesson_picture_flags[39m
[03:07:59] [32mINFO[39m: [36mMigrated:  20261004_080000_lesson_picture_flags (1ms)[39m
[03:07:59] [32mINFO[39m: [36mMigrating: 20261004_120000_compass_v2[39m
[03:07:59] [32mINFO[39m: [36mMigrated:  20261004_120000_compass_v2 (34ms)[39m
[03:07:59] [32mINFO[39m: [36mMigrating: 20261004_180000_gather_entry_code[39m
[03:07:59] [32mINFO[39m: [36mMigrated:  20261004_180000_gather_entry_code (1ms)[39m
[03:07:59] [32mINFO[39m: [36mMigrating: 20261004_210000_schedule_minutes[39m
[03:07:59] [32mINFO[39m: [36mMigrated:  20261004_210000_schedule_minutes (1ms)[39m
Harvest: 172 verses and hadith across 31 talks. No quotation found in 5: Gratitude is the Greatest Blessing | Gems from Ibn Ata Illah Ep. 1 | Shaykh Mikaeel Ahmed Smith; How to Manage Your Anger - Amjad Tarsin; Moments of Solitude: Closeness to God | Jummah Khutbah | Imam Khalid Latif | 3.11.2022; On Mosques, Companionship, & Knowledge; Quranic Connection #26: A Cure for Anxiety | Shaykh Suleiman Hani.
Harvest sample: 4 lines kept for Maryam.
Feedback demo: sample answers are on the East London and Leeds desks.
Seeded HEARTS. Master: master@hearts.test / hearts-master
Access codes (also on the master desk, and in data/seed-codes-test.json):
  elm-teacher    ELM-69GR-9U4E
  elm-admin      ELM-MYWF-DVW8
  elm-learner    ELM-338W-JUHJ
  elm-parent     ELM-U9M9-UXJW
  leeds-teacher  LEEDS-BVE9-UHK6
  leeds-learner  LEEDS-MXPP-X6YV

Running 1 test using 1 worker

(node:31607) Warning: The 'NO_COLOR' env is ignored due to the 'FORCE_COLOR' env being set.
(Use `node --trace-warnings ...` to show where the warning was created)


(node:31607) Warning: The 'NO_COLOR' env is ignored due to the 'FORCE_COLOR' env being set.
(Use `node --trace-warnings ...` to show where the warning was created)


[1/1] tests/e2e/sheet-creator.spec.ts:60:1 › the creator drafts a sheet, then a learner completes a task the imam can see
  1 passed (1.1m)
